This is pdfTeX, Version 3.141592653-2.6-1.40.25 (TeX Live 2023/Debian) (preloaded format=pdflatex 2024.10.18)  7 JAN 2025 20:35
entering extended mode
 restricted \write18 enabled.
 %&-line parsing enabled.
**Bachelorarbeit.tex
(./Bachelorarbeit.tex
LaTeX2e <2023-11-01> patch level 1
L3 programming layer <2024-01-22>
(/usr/share/texlive/texmf-dist/tex/latex/koma-script/scrartcl.cls
Document Class: scrartcl 2023/07/07 v3.41 KOMA-Script document class (article)
(/usr/share/texlive/texmf-dist/tex/latex/koma-script/scrkbase.sty
Package: scrkbase 2023/07/07 v3.41 KOMA-Script package (KOMA-Script-dependent b
asics and keyval usage)

(/usr/share/texlive/texmf-dist/tex/latex/koma-script/scrbase.sty
Package: scrbase 2023/07/07 v3.41 KOMA-Script package (KOMA-Script-independent 
basics and keyval usage)

(/usr/share/texlive/texmf-dist/tex/latex/koma-script/scrlfile.sty
Package: scrlfile 2023/07/07 v3.41 KOMA-Script package (file load hooks)

(/usr/share/texlive/texmf-dist/tex/latex/koma-script/scrlfile-hook.sty
Package: scrlfile-hook 2023/07/07 v3.41 KOMA-Script package (using LaTeX hooks)


(/usr/share/texlive/texmf-dist/tex/latex/koma-script/scrlogo.sty
Package: scrlogo 2023/07/07 v3.41 KOMA-Script package (logo)
)))
(/usr/share/texlive/texmf-dist/tex/latex/graphics/keyval.sty
Package: keyval 2022/05/29 v1.15 key=value parser (DPC)
\KV@toks@=\toks17
)
Applying: [2021/05/01] Usage of raw or classic option list on input line 252.
Already applied: [0000/00/00] Usage of raw or classic option list on input line
 368.
))
(/usr/share/texlive/texmf-dist/tex/latex/koma-script/tocbasic.sty
Package: tocbasic 2023/07/07 v3.41 KOMA-Script package (handling toc-files)
\scr@dte@tocline@numberwidth=\skip48
\scr@dte@tocline@numbox=\box51
)
Package tocbasic Info: omitting babel extension for `toc'
(tocbasic)             because of feature `nobabel' available
(tocbasic)             for `toc' on input line 133.
Class scrartcl Info: File `scrsize12pt.clo' used instead of
(scrartcl)           file `scrsize12.clo' to setup font sizes on input line 244
1.

(/usr/share/texlive/texmf-dist/tex/latex/koma-script/scrsize12pt.clo
File: scrsize12pt.clo 2023/07/07 v3.41 KOMA-Script font size class option (12pt
)
)
(/usr/share/texlive/texmf-dist/tex/latex/koma-script/typearea.sty
Package: typearea 2023/07/07 v3.41 KOMA-Script package (type area)
\ta@bcor=\skip49
\ta@div=\count187
\ta@hblk=\skip50
\ta@vblk=\skip51
\ta@temp=\skip52
\footheight=\skip53
Package typearea Info: These are the values describing the layout:
(typearea)             DIV  = 12
(typearea)             BCOR = 0.0pt
(typearea)             \paperwidth      = 597.50793pt
(typearea)              \textwidth      = 448.13095pt
(typearea)              DIV departure   = -6%
(typearea)              \evensidemargin = 2.4185pt
(typearea)              \oddsidemargin  = 2.4185pt
(typearea)             \paperheight     = 845.04694pt
(typearea)              \textheight     = 635.5pt
(typearea)              \topmargin      = -41.72441pt
(typearea)              \headheight     = 18.125pt
(typearea)              \headsep        = 21.75pt
(typearea)              \topskip        = 12.0pt
(typearea)              \footskip       = 50.75pt
(typearea)              \baselineskip   = 14.5pt
(typearea)              on input line 1799.
)
\c@part=\count188
\c@section=\count189
\c@subsection=\count190
\c@subsubsection=\count191
\c@paragraph=\count192
\c@subparagraph=\count193
\scr@dte@section@maxnumwidth=\skip54
Class scrartcl Info: using compatibility default `runin=bysign'
(scrartcl)           for `\section on input line 5082.
Class scrartcl Info: using compatibility default `afterindent=bysign'
(scrartcl)           for `\section on input line 5082.
\scr@dte@part@maxnumwidth=\skip55
Class scrartcl Info: using compatibility default `afterindent=false'
(scrartcl)           for `\part on input line 5090.
\scr@dte@subsection@maxnumwidth=\skip56
Class scrartcl Info: using compatibility default `runin=bysign'
(scrartcl)           for `\subsection on input line 5100.
Class scrartcl Info: using compatibility default `afterindent=bysign'
(scrartcl)           for `\subsection on input line 5100.
\scr@dte@subsubsection@maxnumwidth=\skip57
Class scrartcl Info: using compatibility default `runin=bysign'
(scrartcl)           for `\subsubsection on input line 5110.
Class scrartcl Info: using compatibility default `afterindent=bysign'
(scrartcl)           for `\subsubsection on input line 5110.
\scr@dte@paragraph@maxnumwidth=\skip58
Class scrartcl Info: using compatibility default `runin=bysign'
(scrartcl)           for `\paragraph on input line 5121.
Class scrartcl Info: using compatibility default `afterindent=bysign'
(scrartcl)           for `\paragraph on input line 5121.
\scr@dte@subparagraph@maxnumwidth=\skip59
Class scrartcl Info: using compatibility default `runin=bysign'
(scrartcl)           for `\subparagraph on input line 5131.
Class scrartcl Info: using compatibility default `afterindent=bysign'
(scrartcl)           for `\subparagraph on input line 5131.
\abovecaptionskip=\skip60
\belowcaptionskip=\skip61
\c@pti@nb@sid@b@x=\box52
Package tocbasic Info: omitting babel extension for `lof'
(tocbasic)             because of feature `nobabel' available
(tocbasic)             for `lof' on input line 6309.
\scr@dte@figure@maxnumwidth=\skip62
\c@figure=\count194
Package tocbasic Info: omitting babel extension for `lot'
(tocbasic)             because of feature `nobabel' available
(tocbasic)             for `lot' on input line 6325.
\scr@dte@table@maxnumwidth=\skip63
\c@table=\count195
Class scrartcl Info: Redefining `\numberline' on input line 6495.
\bibindent=\dimen140
)
(/usr/share/texlive/texmf-dist/tex/latex/cite/cite.sty
LaTeX Info: Redefining \cite on input line 302.
LaTeX Info: Redefining \nocite on input line 332.
Package: cite 2015/02/27  v 5.5
)
(/usr/share/texlive/texmf-dist/tex/generic/babel/babel.sty
Package: babel 2024/01/07 v24.1 The Babel package
\babel@savecnt=\count196
\U@D=\dimen141
\l@unhyphenated=\language89

(/usr/share/texlive/texmf-dist/tex/generic/babel/txtbabel.def)
\bbl@readstream=\read2
\bbl@dirlevel=\count197

(/usr/share/texlive/texmf-dist/tex/generic/babel-english/english.ldf
Language: english 2017/06/06 v3.3r English support from the babel system
Package babel Info: Hyphen rules for 'canadian' set to \l@english
(babel)             (\language0). Reported on input line 102.
Package babel Info: Hyphen rules for 'australian' set to \l@ukenglish
(babel)             (\language53). Reported on input line 105.
Package babel Info: Hyphen rules for 'newzealand' set to \l@ukenglish
(babel)             (\language53). Reported on input line 108.
)
(/usr/share/texlive/texmf-dist/tex/generic/babel-german/ngerman.ldf
Language: ngerman 2024/01/19 v2.14 German support for babel (post-1996 orthogra
phy)

(/usr/share/texlive/texmf-dist/tex/generic/babel-german/ngermanb.ldf
Language: ngermanb 2024/01/19 v2.14 German support for babel (post-1996 orthogr
aphy)
Package babel Info: Making " an active character on input line 122.
)))
(/usr/share/texlive/texmf-dist/tex/generic/babel/locale/de/babel-ngerman.tex
Package babel Info: Importing font and identification data for ngerman
(babel)             from babel-de.ini. Reported on input line 11.
)
(/usr/share/texlive/texmf-dist/tex/generic/babel/locale/en/babel-english.tex
Package babel Info: Importing font and identification data for english
(babel)             from babel-en.ini. Reported on input line 11.
)
(/usr/share/texlive/texmf-dist/tex/latex/mwe/mwe.sty
Package: mwe 2018/03/30 v0.5 Package to support minimal working examples (MWE)

(/usr/share/texlive/texmf-dist/tex/latex/graphics/graphicx.sty
Package: graphicx 2021/09/16 v1.2d Enhanced LaTeX Graphics (DPC,SPQR)

(/usr/share/texlive/texmf-dist/tex/latex/graphics/graphics.sty
Package: graphics 2022/03/10 v1.4e Standard LaTeX Graphics (DPC,SPQR)

(/usr/share/texlive/texmf-dist/tex/latex/graphics/trig.sty
Package: trig 2021/08/11 v1.11 sin cos tan (DPC)
)
(/usr/share/texlive/texmf-dist/tex/latex/graphics-cfg/graphics.cfg
File: graphics.cfg 2016/06/04 v1.11 sample graphics configuration
)
Package graphics Info: Driver file: pdftex.def on input line 107.

(/usr/share/texlive/texmf-dist/tex/latex/graphics-def/pdftex.def
File: pdftex.def 2022/09/22 v1.2b Graphics/color driver for pdftex
))
\Gin@req@height=\dimen142
\Gin@req@width=\dimen143
)
(/usr/share/texlive/texmf-dist/tex/latex/lipsum/lipsum.sty
(/usr/share/texlive/texmf-dist/tex/latex/l3packages/l3keys2e/l3keys2e.sty
(/usr/share/texlive/texmf-dist/tex/latex/l3kernel/expl3.sty
Package: expl3 2024-01-22 L3 programming layer (loader) 

(/usr/share/texlive/texmf-dist/tex/latex/l3backend/l3backend-pdftex.def
File: l3backend-pdftex.def 2024-01-04 L3 backend support: PDF output (pdfTeX)
\l__color_backend_stack_int=\count198
\l__pdf_internal_box=\box53
))
Package: l3keys2e 2023-10-10 LaTeX2e option processing using LaTeX3 keys
)
Package: lipsum 2021-09-20 v2.7 150 paragraphs of Lorem Ipsum dummy text
\g__lipsum_par_int=\count199
\l__lipsum_a_int=\count266
\l__lipsum_b_int=\count267

(/usr/share/texlive/texmf-dist/tex/latex/lipsum/lipsum.ltd.tex))
(/usr/share/texlive/texmf-dist/tex/latex/blindtext/blindtext.sty
Package: blindtext 2012/01/06 V2.0 blindtext-Package

(/usr/share/texlive/texmf-dist/tex/latex/tools/xspace.sty
Package: xspace 2014/10/28 v1.13 Space after command names (DPC,MH)
)
\c@blindtext=\count268
\c@Blindtext=\count269
\c@blind@countparstart=\count270
\blind@countxx=\count271
\blindtext@numBlindtext=\count272
\blind@countyy=\count273
\c@blindlist=\count274
\c@blindlistlevel=\count275
\c@blindlist@level=\count276
\blind@listitem=\count277
\c@blind@listcount=\count278
\c@blind@levelcount=\count279
\blind@mathformula=\count280
\blind@Mathformula=\count281
\c@blind@randomcount=\count282
\c@blind@randommax=\count283
\c@blind@pangramcount=\count284
\c@blind@pangrammax=\count285
))
(/usr/share/texlive/texmf-dist/tex/latex/newfloat/newfloat.sty
Package: newfloat 2023/10/01 v1.2 Defining new floating environments (AR)
)
(/usr/share/texlive/texmf-dist/tex/latex/base/inputenc.sty
Package: inputenc 2021/02/14 v1.3d Input encoding file
\inpenc@prehook=\toks18
\inpenc@posthook=\toks19
)
(/usr/share/texlive/texmf-dist/tex/latex/csquotes/csquotes.sty
Package: csquotes 2022-09-14 v5.2n context-sensitive quotations (JAW)

(/usr/share/texlive/texmf-dist/tex/latex/etoolbox/etoolbox.sty
Package: etoolbox 2020/10/05 v2.5k e-TeX tools for LaTeX (JAW)
\etb@tempcnta=\count286
)
\csq@reset=\count287
\csq@gtype=\count288
\csq@glevel=\count289
\csq@qlevel=\count290
\csq@maxlvl=\count291
\csq@tshold=\count292
\csq@ltx@everypar=\toks20

(/usr/share/texlive/texmf-dist/tex/latex/csquotes/csquotes.def
File: csquotes.def 2022-09-14 v5.2n csquotes generic definitions (JAW)
)
Package csquotes Info: Trying to load configuration file 'csquotes.cfg'...
Package csquotes Info: ... configuration file loaded successfully.

(/usr/share/texlive/texmf-dist/tex/latex/csquotes/csquotes.cfg
File: csquotes.cfg 
)
Package csquotes Info: Enabling multilingual quotes.
Package csquotes Info: Redefining alias 'german' -> 'german/quotes'.
)
(/usr/share/texlive/texmf-dist/tex/latex/base/fontenc.sty
Package: fontenc 2021/04/29 v2.0v Standard LaTeX package
)
(/usr/share/texlive/texmf-dist/tex/latex/amsfonts/amssymb.sty
Package: amssymb 2013/01/14 v3.01 AMS font symbols

(/usr/share/texlive/texmf-dist/tex/latex/amsfonts/amsfonts.sty
Package: amsfonts 2013/01/14 v3.01 Basic AMSFonts support
\@emptytoks=\toks21
\symAMSa=\mathgroup4
\symAMSb=\mathgroup5
LaTeX Font Info:    Redeclaring math symbol \hbar on input line 98.
LaTeX Font Info:    Overwriting math alphabet `\mathfrak' in version `bold'
(Font)                  U/euf/m/n --> U/euf/b/n on input line 106.
))
(/usr/share/texlive/texmf-dist/tex/latex/amsmath/amsmath.sty
Package: amsmath 2023/05/13 v2.17o AMS math features
\@mathmargin=\skip64

For additional information on amsmath, use the `?' option.
(/usr/share/texlive/texmf-dist/tex/latex/amsmath/amstext.sty
Package: amstext 2021/08/26 v2.01 AMS text

(/usr/share/texlive/texmf-dist/tex/latex/amsmath/amsgen.sty
File: amsgen.sty 1999/11/30 v2.0 generic functions
\@emptytoks=\toks22
\ex@=\dimen144
))
(/usr/share/texlive/texmf-dist/tex/latex/amsmath/amsbsy.sty
Package: amsbsy 1999/11/29 v1.2d Bold Symbols
\pmbraise@=\dimen145
)
(/usr/share/texlive/texmf-dist/tex/latex/amsmath/amsopn.sty
Package: amsopn 2022/04/08 v2.04 operator names
)
\inf@bad=\count293
LaTeX Info: Redefining \frac on input line 234.
\uproot@=\count294
\leftroot@=\count295
LaTeX Info: Redefining \overline on input line 399.
LaTeX Info: Redefining \colon on input line 410.
\classnum@=\count296
\DOTSCASE@=\count297
LaTeX Info: Redefining \ldots on input line 496.
LaTeX Info: Redefining \dots on input line 499.
LaTeX Info: Redefining \cdots on input line 620.
\Mathstrutbox@=\box54
\strutbox@=\box55
LaTeX Info: Redefining \big on input line 722.
LaTeX Info: Redefining \Big on input line 723.
LaTeX Info: Redefining \bigg on input line 724.
LaTeX Info: Redefining \Bigg on input line 725.
\big@size=\dimen146
LaTeX Font Info:    Redeclaring font encoding OML on input line 743.
LaTeX Font Info:    Redeclaring font encoding OMS on input line 744.
\macc@depth=\count298
LaTeX Info: Redefining \bmod on input line 905.
LaTeX Info: Redefining \pmod on input line 910.
LaTeX Info: Redefining \smash on input line 940.
LaTeX Info: Redefining \relbar on input line 970.
LaTeX Info: Redefining \Relbar on input line 971.
\c@MaxMatrixCols=\count299
\dotsspace@=\muskip16
\c@parentequation=\count300
\dspbrk@lvl=\count301
\tag@help=\toks23
\row@=\count302
\column@=\count303
\maxfields@=\count304
\andhelp@=\toks24
\eqnshift@=\dimen147
\alignsep@=\dimen148
\tagshift@=\dimen149
\tagwidth@=\dimen150
\totwidth@=\dimen151
\lineht@=\dimen152
\@envbody=\toks25
\multlinegap=\skip65
\multlinetaggap=\skip66
\mathdisplay@stack=\toks26
LaTeX Info: Redefining \[ on input line 2953.
LaTeX Info: Redefining \] on input line 2954.
)
(/usr/share/texlive/texmf-dist/tex/latex/tools/tabularx.sty
Package: tabularx 2023/07/08 v2.11c `tabularx' package (DPC)

(/usr/share/texlive/texmf-dist/tex/latex/tools/array.sty
Package: array 2023/10/16 v2.5g Tabular extension package (FMi)
\col@sep=\dimen153
\ar@mcellbox=\box56
\extrarowheight=\dimen154
\NC@list=\toks27
\extratabsurround=\skip67
\backup@length=\skip68
\ar@cellbox=\box57
)
\TX@col@width=\dimen155
\TX@old@table=\dimen156
\TX@old@col=\dimen157
\TX@target=\dimen158
\TX@delta=\dimen159
\TX@cols=\count305
\TX@ftn=\toks28
)
(/usr/share/texlive/texmf-dist/tex/latex/subfig/subfig.sty
Package: subfig 2005/06/28 ver: 1.3 subfig package

(/usr/share/texlive/texmf-dist/tex/latex/caption/caption.sty
Package: caption 2023/08/05 v3.6o Customizing captions (AR)

(/usr/share/texlive/texmf-dist/tex/latex/caption/caption3.sty
Package: caption3 2023/07/31 v2.4d caption3 kernel (AR)
\caption@tempdima=\dimen160
\captionmargin=\dimen161
\caption@leftmargin=\dimen162
\caption@rightmargin=\dimen163
\caption@width=\dimen164
\caption@indent=\dimen165
\caption@parindent=\dimen166
\caption@hangindent=\dimen167
Package caption Info: KOMA-Script document class detected.

(/usr/share/texlive/texmf-dist/tex/latex/caption/caption-koma.sto
File: caption-koma.sto 2023/09/08 v2.0e Adaption of the caption package to the 
KOMA-Script document classes (AR)
))
\c@caption@flags=\count306
\c@continuedfloat=\count307
Package caption Info: KOMA-Script scrextend package detected.
\caption@addmargin@hsize=\dimen168
\caption@addmargin@linewidth=\dimen169
)
\c@KVtest=\count308
\sf@farskip=\skip69
\sf@captopadj=\dimen170
\sf@capskip=\skip70
\sf@nearskip=\skip71
\c@subfigure=\count309
\c@subfigure@save=\count310
\c@lofdepth=\count311
\c@subtable=\count312
\c@subtable@save=\count313
\c@lotdepth=\count314
\sf@top=\skip72
\sf@bottom=\skip73
)
(/usr/share/texlive/texmf-dist/tex/latex/booktabs/booktabs.sty
Package: booktabs 2020/01/12 v1.61803398 Publication quality tables
\heavyrulewidth=\dimen171
\lightrulewidth=\dimen172
\cmidrulewidth=\dimen173
\belowrulesep=\dimen174
\belowbottomsep=\dimen175
\aboverulesep=\dimen176
\abovetopsep=\dimen177
\cmidrulesep=\dimen178
\cmidrulekern=\dimen179
\defaultaddspace=\dimen180
\@cmidla=\count315
\@cmidlb=\count316
\@aboverulesep=\dimen181
\@belowrulesep=\dimen182
\@thisruleclass=\count317
\@lastruleclass=\count318
\@thisrulewidth=\dimen183
)
(/usr/share/texlive/texmf-dist/tex/latex/float/float.sty
Package: float 2001/11/08 v1.3d Float enhancements (AL)
\c@float@type=\count319
\float@exts=\toks29
\float@box=\box58
\@float@everytoks=\toks30
\@floatcapt=\box59
)
Package newfloat Info: New float `anlage' with options ` fileext=loa, listname=
Anlagenverzeichnis, name=Anlage, placement=htbp, within=section, ' on input lin
e 27.
\c@anlage=\count320
Package newfloat Info: float type `anlage'=4 on input line 27.
\c@loadepth=\count321
Package tocbasic Info: setting babel extension for `loa' on input line 27.
Package csquotes Info: Checking for multilingual support...
Package csquotes Info: ... found 'babel' package.


LaTeX Warning: Unused global option(s):
    [a4aper].

(./Bachelorarbeit.aux)
\openout1 = `Bachelorarbeit.aux'.

LaTeX Font Info:    Checking defaults for OML/cmm/m/it on input line 38.
LaTeX Font Info:    ... okay on input line 38.
LaTeX Font Info:    Checking defaults for OMS/cmsy/m/n on input line 38.
LaTeX Font Info:    ... okay on input line 38.
LaTeX Font Info:    Checking defaults for OT1/cmr/m/n on input line 38.
LaTeX Font Info:    ... okay on input line 38.
LaTeX Font Info:    Checking defaults for T1/cmr/m/n on input line 38.
LaTeX Font Info:    ... okay on input line 38.
LaTeX Font Info:    Checking defaults for TS1/cmr/m/n on input line 38.
LaTeX Font Info:    ... okay on input line 38.
LaTeX Font Info:    Checking defaults for OMX/cmex/m/n on input line 38.
LaTeX Font Info:    ... okay on input line 38.
LaTeX Font Info:    Checking defaults for U/cmr/m/n on input line 38.
LaTeX Font Info:    ... okay on input line 38.

(/usr/share/texlive/texmf-dist/tex/context/base/mkii/supp-pdf.mkii
[Loading MPS to PDF converter (version 2006.09.02).]
\scratchcounter=\count322
\scratchdimen=\dimen184
\scratchbox=\box60
\nofMPsegments=\count323
\nofMParguments=\count324
\everyMPshowfont=\toks31
\MPscratchCnt=\count325
\MPscratchDim=\dimen185
\MPnumerator=\count326
\makeMPintoPDFobject=\count327
\everyMPtoPDFconversion=\toks32
) (/usr/share/texlive/texmf-dist/tex/latex/epstopdf-pkg/epstopdf-base.sty
Package: epstopdf-base 2020-01-24 v2.11 Base part for package epstopdf
Package epstopdf-base Info: Redefining graphics rule for `.eps' on input line 4
85.

(/usr/share/texlive/texmf-dist/tex/latex/latexconfig/epstopdf-sys.cfg
File: epstopdf-sys.cfg 2010/07/13 v1.3 Configuration of (r)epstopdf for TeX Liv
e
))
Package newfloat Info: `float' package detected.
Package caption Info: Begin \AtBeginDocument code.
Package caption Info: subfig package v1.3 is loaded.
Package caption Info: float package is loaded.
Package caption Info: End \AtBeginDocument code.
LaTeX Font Info:    Trying to load font information for T1+cmtt on input line 5
2.

(/usr/share/texlive/texmf-dist/tex/latex/base/t1cmtt.fd
File: t1cmtt.fd 2023/04/13 v2.5m Standard LaTeX font definitions
)

LaTeX Font Warning: Font shape `T1/cmr/bx/n' in size <18> not available
(Font)              size <17.28> substituted on input line 78.

[1

{/var/lib/texmf/fonts/map/pdftex/updmap/pdftex.map}{/usr/share/texmf/fonts/enc/
dvips/cm-super/cm-super-t1.enc}]
LaTeX Font Info:    Trying to load font information for T1+cmss on input line 1
28.

(/usr/share/texlive/texmf-dist/tex/latex/base/t1cmss.fd
File: t1cmss.fd 2023/04/13 v2.5m Standard LaTeX font definitions
) (./Bachelorarbeit.toc
LaTeX Font Info:    Trying to load font information for U+msa on input line 4.

(/usr/share/texlive/texmf-dist/tex/latex/amsfonts/umsa.fd
File: umsa.fd 2013/01/14 v3.01 AMS symbols A
)
LaTeX Font Info:    Trying to load font information for U+msb on input line 4.

(/usr/share/texlive/texmf-dist/tex/latex/amsfonts/umsb.fd
File: umsb.fd 2013/01/14 v3.01 AMS symbols B
))
\tf@toc=\write3
\openout3 = `Bachelorarbeit.toc'.

 [2]
Underfull \hbox (badness 10000) in paragraph at lines 134--135

 []


Underfull \hbox (badness 10000) in paragraph at lines 136--137

 []


Underfull \hbox (badness 10000) in paragraph at lines 138--139

 []


Underfull \hbox (badness 10000) in paragraph at lines 140--141

 []

[1]
Underfull \hbox (badness 10000) in paragraph at lines 150--151

 []


Underfull \hbox (badness 10000) in paragraph at lines 152--153

 []


Underfull \hbox (badness 10000) in paragraph at lines 154--155

 []


Underfull \hbox (badness 10000) in paragraph at lines 156--157

 []


Underfull \hbox (badness 10000) in paragraph at lines 158--159

 []

[2]
Underfull \hbox (badness 10000) in paragraph at lines 164--165

 []


Underfull \hbox (badness 10000) in paragraph at lines 166--167

 []


Underfull \hbox (badness 10000) in paragraph at lines 168--169

 []


Underfull \hbox (badness 10000) in paragraph at lines 170--171

 []


Underfull \hbox (badness 10000) in paragraph at lines 185--186

 []


Underfull \hbox (badness 10000) in paragraph at lines 187--188

 []


Underfull \hbox (badness 10000) in paragraph at lines 189--190

 []


Underfull \hbox (badness 10000) in paragraph at lines 191--192

 []

[3]
Underfull \hbox (badness 10000) in paragraph at lines 195--197

 []


Underfull \hbox (badness 10000) in paragraph at lines 198--199

 []


Underfull \hbox (badness 10000) in paragraph at lines 204--205

 []


Underfull \hbox (badness 10000) in paragraph at lines 206--207

 []


Underfull \hbox (badness 10000) in paragraph at lines 220--221

 []


Underfull \hbox (badness 10000) in paragraph at lines 228--229

 []

[4]
Underfull \hbox (badness 10000) in paragraph at lines 230--231

 []


Underfull \hbox (badness 10000) in paragraph at lines 232--233

 []


Underfull \hbox (badness 10000) in paragraph at lines 236--237

 []


Underfull \hbox (badness 10000) in paragraph at lines 238--239

 []


Underfull \hbox (badness 10000) in paragraph at lines 240--241

 []


Underfull \hbox (badness 10000) in paragraph at lines 246--247

 []


Underfull \hbox (badness 10000) in paragraph at lines 248--250

 []

[5]
Underfull \hbox (badness 10000) in paragraph at lines 251--252

 []


Underfull \hbox (badness 10000) in paragraph at lines 257--258

 []


Underfull \hbox (badness 10000) in paragraph at lines 259--260

 []


Underfull \hbox (badness 10000) in paragraph at lines 261--262

 []


Underfull \hbox (badness 10000) in paragraph at lines 263--264

 []


Underfull \hbox (badness 10000) in paragraph at lines 267--268

 []


Underfull \hbox (badness 10000) in paragraph at lines 269--270

 []

[6]
Underfull \hbox (badness 10000) in paragraph at lines 275--276

 []


Underfull \hbox (badness 10000) in paragraph at lines 283--284

 []


Underfull \hbox (badness 10000) in paragraph at lines 303--304

 []


Underfull \hbox (badness 10000) in paragraph at lines 305--306

 []


Underfull \hbox (badness 10000) in paragraph at lines 311--312

 []

[7]
Underfull \hbox (badness 10000) in paragraph at lines 332--333

 []


Underfull \hbox (badness 10000) in paragraph at lines 340--341

 []


Underfull \hbox (badness 10000) in alignment at lines 364--364
[][][] 
 []


Underfull \hbox (badness 10000) in paragraph at lines 370--371

 []

[8]
Underfull \hbox (badness 10000) in paragraph at lines 372--373

 []


Underfull \hbox (badness 10000) in paragraph at lines 380--381

 []


Underfull \hbox (badness 10000) in paragraph at lines 388--389

 []


Underfull \hbox (badness 10000) in alignment at lines 411--411
[][][] 
 []


Underfull \hbox (badness 10000) in paragraph at lines 419--420

 []

[9]
Underfull \hbox (badness 10000) in paragraph at lines 421--422

 []


Underfull \hbox (badness 10000) in paragraph at lines 423--424

 []


Underfull \hbox (badness 10000) in paragraph at lines 425--426

 []


Underfull \hbox (badness 10000) in paragraph at lines 427--428

 []


Underfull \hbox (badness 10000) in paragraph at lines 429--430

 []


Underfull \hbox (badness 10000) in alignment at lines 457--457
[][] 
 []


Underfull \hbox (badness 10000) in paragraph at lines 461--462

 []

[10]
Underfull \hbox (badness 10000) in paragraph at lines 463--464

 []


Underfull \hbox (badness 10000) in paragraph at lines 465--467

 []


Underfull \hbox (badness 10000) in paragraph at lines 468--470

 []


Underfull \hbox (badness 10000) in paragraph at lines 471--472

 []


Underfull \hbox (badness 10000) in alignment at lines 515--515
[][] 
 []

[11]
Overfull \hbox (3.46674pt too wide) in alignment at lines 575--575
[][] 
 []

[12]
Overfull \hbox (3.0604pt too wide) in alignment at lines 676--676
[][] 
 []

[13]
Underfull \hbox (badness 10000) in alignment at lines 711--711
[][] 
 []

[14]
Underfull \hbox (badness 10000) in paragraph at lines 717--718

 []


Underfull \hbox (badness 10000) in paragraph at lines 719--720

 []


Underfull \hbox (badness 10000) in paragraph at lines 721--722

 []

[15]
<Abbildungen/ACO_R_simple_Ellipsoid_m_compare_n=10_g_q=0_95_xi=0_95_k=100_resta
rts=0_acc=1e-10.png, id=87, 462.528pt x 346.896pt>
File: Abbildungen/ACO_R_simple_Ellipsoid_m_compare_n=10_g_q=0_95_xi=0_95_k=100_
restarts=0_acc=1e-10.png Graphic file (type png)
<use Abbildungen/ACO_R_simple_Ellipsoid_m_compare_n=10_g_q=0_95_xi=0_95_k=100_r
estarts=0_acc=1e-10.png>
Package pdftex.def Info: Abbildungen/ACO_R_simple_Ellipsoid_m_compare_n=10_g_q=
0_95_xi=0_95_k=100_restarts=0_acc=1e-10.png  used on input line 731.
(pdftex.def)             Requested size: 179.24963pt x 134.43668pt.
<Abbildungen/ACO_R_very_simple_Ellipsoid_m_compare_n=10_g_q=0_95_xi=0_95_k=100_
restarts=0_acc=1e-10.png, id=89, 462.528pt x 346.896pt>
File: Abbildungen/ACO_R_very_simple_Ellipsoid_m_compare_n=10_g_q=0_95_xi=0_95_k
=100_restarts=0_acc=1e-10.png Graphic file (type png)
<use Abbildungen/ACO_R_very_simple_Ellipsoid_m_compare_n=10_g_q=0_95_xi=0_95_k=
100_restarts=0_acc=1e-10.png>
Package pdftex.def Info: Abbildungen/ACO_R_very_simple_Ellipsoid_m_compare_n=10
_g_q=0_95_xi=0_95_k=100_restarts=0_acc=1e-10.png  used on input line 733.
(pdftex.def)             Requested size: 179.24963pt x 134.43668pt.
<Abbildungen/ACO_R_simple_Ellipsoid_g_q_compare_m=1_xi=0_95_k=100_restarts=0_ac
c=1e-10.png, id=90, 462.528pt x 346.896pt>
File: Abbildungen/ACO_R_simple_Ellipsoid_g_q_compare_m=1_xi=0_95_k=100_restarts
=0_acc=1e-10.png Graphic file (type png)
<use Abbildungen/ACO_R_simple_Ellipsoid_g_q_compare_m=1_xi=0_95_k=100_restarts=
0_acc=1e-10.png>
Package pdftex.def Info: Abbildungen/ACO_R_simple_Ellipsoid_g_q_compare_m=1_xi=
0_95_k=100_restarts=0_acc=1e-10.png  used on input line 746.
(pdftex.def)             Requested size: 370.02289pt x 277.51717pt.
 [16 <./Abbildungen/ACO_R_simple_Ellipsoid_m_compare_n=10_g_q=0_95_xi=0_95_k=10
0_restarts=0_acc=1e-10.png> <./Abbildungen/ACO_R_very_simple_Ellipsoid_m_compar
e_n=10_g_q=0_95_xi=0_95_k=100_restarts=0_acc=1e-10.png>]
Underfull \hbox (badness 10000) in paragraph at lines 751--752

 []


Underfull \hbox (badness 10000) in paragraph at lines 753--754

 []


Underfull \hbox (badness 10000) in paragraph at lines 759--760

 []


Underfull \hbox (badness 10000) in paragraph at lines 765--766

 []

[17 <./Abbildungen/ACO_R_simple_Ellipsoid_g_q_compare_m=1_xi=0_95_k=100_restart
s=0_acc=1e-10.png>]
Underfull \hbox (badness 10000) in paragraph at lines 767--768

 []

<Abbildungen/ACO_R_simple_Ellipsoid_xi_compare_m=1_n=10_g_q=0_95_k=100_restarts
=0_acc=1e-10.png, id=104, 462.528pt x 346.896pt>
File: Abbildungen/ACO_R_simple_Ellipsoid_xi_compare_m=1_n=10_g_q=0_95_k=100_res
tarts=0_acc=1e-10.png Graphic file (type png)
<use Abbildungen/ACO_R_simple_Ellipsoid_xi_compare_m=1_n=10_g_q=0_95_k=100_rest
arts=0_acc=1e-10.png>
Package pdftex.def Info: Abbildungen/ACO_R_simple_Ellipsoid_xi_compare_m=1_n=10
_g_q=0_95_k=100_restarts=0_acc=1e-10.png  used on input line 773.
(pdftex.def)             Requested size: 179.24963pt x 134.43668pt.
<Abbildungen/ACO_R_very_simple_Ellipsoid_xi_compare_m=1_n=10_g_q=0_95_k=100_res
tarts=0_acc=1e-10.png, id=105, 462.528pt x 346.896pt>
File: Abbildungen/ACO_R_very_simple_Ellipsoid_xi_compare_m=1_n=10_g_q=0_95_k=10
0_restarts=0_acc=1e-10.png Graphic file (type png)
<use Abbildungen/ACO_R_very_simple_Ellipsoid_xi_compare_m=1_n=10_g_q=0_95_k=100
_restarts=0_acc=1e-10.png>
Package pdftex.def Info: Abbildungen/ACO_R_very_simple_Ellipsoid_xi_compare_m=1
_n=10_g_q=0_95_k=100_restarts=0_acc=1e-10.png  used on input line 775.
(pdftex.def)             Requested size: 179.24963pt x 134.43668pt.

Underfull \hbox (badness 10000) in paragraph at lines 784--785

 []


Underfull \hbox (badness 10000) in paragraph at lines 786--787

 []

[18 <./Abbildungen/ACO_R_simple_Ellipsoid_xi_compare_m=1_n=10_g_q=0_95_k=100_re
starts=0_acc=1e-10.png> <./Abbildungen/ACO_R_very_simple_Ellipsoid_xi_compare_m
=1_n=10_g_q=0_95_k=100_restarts=0_acc=1e-10.png>]
Underfull \hbox (badness 10000) in paragraph at lines 788--789

 []

<Abbildungen/ACO_R_simple_Ellipsoid_m=1_n=10_g_q=0_95_xi=0_95_k=100_restarts=0_
acc=1e-10.png, id=111, 462.528pt x 346.896pt>
File: Abbildungen/ACO_R_simple_Ellipsoid_m=1_n=10_g_q=0_95_xi=0_95_k=100_restar
ts=0_acc=1e-10.png Graphic file (type png)
<use Abbildungen/ACO_R_simple_Ellipsoid_m=1_n=10_g_q=0_95_xi=0_95_k=100_restart
s=0_acc=1e-10.png>
Package pdftex.def Info: Abbildungen/ACO_R_simple_Ellipsoid_m=1_n=10_g_q=0_95_x
i=0_95_k=100_restarts=0_acc=1e-10.png  used on input line 810.
(pdftex.def)             Requested size: 179.24963pt x 134.43668pt.
<Abbildungen/ACO_R_STD_simple_Ellipsoid_m=1_n=10_g_q=0_95_xi=0_95_k=100_restart
s=0_acc=1e-10.png, id=112, 462.528pt x 346.896pt>
File: Abbildungen/ACO_R_STD_simple_Ellipsoid_m=1_n=10_g_q=0_95_xi=0_95_k=100_re
starts=0_acc=1e-10.png Graphic file (type png)
<use Abbildungen/ACO_R_STD_simple_Ellipsoid_m=1_n=10_g_q=0_95_xi=0_95_k=100_res
tarts=0_acc=1e-10.png>
Package pdftex.def Info: Abbildungen/ACO_R_STD_simple_Ellipsoid_m=1_n=10_g_q=0_
95_xi=0_95_k=100_restarts=0_acc=1e-10.png  used on input line 812.
(pdftex.def)             Requested size: 179.24963pt x 134.43668pt.
[19]
<Abbildungen/ACO_R_very_simple_Ellipsoid_m=1_n=10_g_q=0_95_xi=0_95_k=100_restar
ts=0_acc=1e-10.png, id=116, 462.528pt x 346.896pt>
File: Abbildungen/ACO_R_very_simple_Ellipsoid_m=1_n=10_g_q=0_95_xi=0_95_k=100_r
estarts=0_acc=1e-10.png Graphic file (type png)
<use Abbildungen/ACO_R_very_simple_Ellipsoid_m=1_n=10_g_q=0_95_xi=0_95_k=100_re
starts=0_acc=1e-10.png>
Package pdftex.def Info: Abbildungen/ACO_R_very_simple_Ellipsoid_m=1_n=10_g_q=0
_95_xi=0_95_k=100_restarts=0_acc=1e-10.png  used on input line 819.
(pdftex.def)             Requested size: 179.24963pt x 134.43668pt.
<Abbildungen/ACO_R_STD_very_simple_Ellipsoid_m=1_n=10_g_q=0_95_xi=0_95_k=100_re
starts=0_acc=1e-10.png, id=117, 462.528pt x 346.896pt>
File: Abbildungen/ACO_R_STD_very_simple_Ellipsoid_m=1_n=10_g_q=0_95_xi=0_95_k=1
00_restarts=0_acc=1e-10.png Graphic file (type png)
<use Abbildungen/ACO_R_STD_very_simple_Ellipsoid_m=1_n=10_g_q=0_95_xi=0_95_k=10
0_restarts=0_acc=1e-10.png>
Package pdftex.def Info: Abbildungen/ACO_R_STD_very_simple_Ellipsoid_m=1_n=10_g
_q=0_95_xi=0_95_k=100_restarts=0_acc=1e-10.png  used on input line 821.
(pdftex.def)             Requested size: 179.24963pt x 134.43668pt.

Underfull \hbox (badness 10000) in paragraph at lines 826--827

 []


Underfull \hbox (badness 10000) in paragraph at lines 828--829

 []


Underfull \hbox (badness 10000) in paragraph at lines 830--831

 []


Underfull \hbox (badness 10000) in paragraph at lines 836--837

 []

[20 <./Abbildungen/ACO_R_simple_Ellipsoid_m=1_n=10_g_q=0_95_xi=0_95_k=100_resta
rts=0_acc=1e-10.png> <./Abbildungen/ACO_R_STD_simple_Ellipsoid_m=1_n=10_g_q=0_9
5_xi=0_95_k=100_restarts=0_acc=1e-10.png> <./Abbildungen/ACO_R_very_simple_Elli
psoid_m=1_n=10_g_q=0_95_xi=0_95_k=100_restarts=0_acc=1e-10.png> <./Abbildungen/
ACO_R_STD_very_simple_Ellipsoid_m=1_n=10_g_q=0_95_xi=0_95_k=100_restarts=0_acc=
1e-10.png>]
Underfull \hbox (badness 10000) in alignment at lines 870--870
[][][][] 
 []


Underfull \hbox (badness 10000) in paragraph at lines 874--875

 []


Underfull \hbox (badness 10000) in alignment at lines 910--910
[][][][] 
 []


Underfull \hbox (badness 10000) in paragraph at lines 914--915

 []

[21]
Underfull \hbox (badness 10000) in paragraph at lines 918--919

 []


Underfull \hbox (badness 10000) in alignment at lines 952--952
[][][] 
 []


Underfull \hbox (badness 10000) in paragraph at lines 956--957

 []

[22]
Underfull \hbox (badness 10000) in alignment at lines 1012--1012
[][][][] 
 []


Underfull \hbox (badness 10000) in paragraph at lines 1016--1018

 []

[23]
Underfull \hbox (badness 10000) in paragraph at lines 1021--1022

 []


Underfull \hbox (badness 10000) in paragraph at lines 1023--1024

 []


Underfull \hbox (badness 10000) in paragraph at lines 1025--1026

 []

[24]
Underfull \hbox (badness 10000) in paragraph at lines 1027--1028

 []


Underfull \hbox (badness 10000) in paragraph at lines 1029--1030

 []


Underfull \hbox (badness 10000) in alignment at lines 1083--1083
[][][][] 
 []


Underfull \hbox (badness 10000) in paragraph at lines 1087--1089

 []

[25]
Underfull \hbox (badness 10000) in paragraph at lines 1092--1093

 []


Underfull \hbox (badness 10000) in paragraph at lines 1094--1095

 []


Underfull \hbox (badness 10000) in paragraph at lines 1096--1097

 []

[26]
Underfull \hbox (badness 10000) in paragraph at lines 1098--1099

 []


Underfull \hbox (badness 10000) in paragraph at lines 1100--1101

 []


Underfull \hbox (badness 10000) in paragraph at lines 1102--1103

 []


Underfull \hbox (badness 10000) in paragraph at lines 1104--1105

 []


Underfull \hbox (badness 10000) in paragraph at lines 1106--1107

 []


Underfull \hbox (badness 10000) in alignment at lines 1160--1160
[][][] 
 []


Underfull \hbox (badness 10000) in paragraph at lines 1164--1165

 []

[27]
Underfull \hbox (badness 10000) in paragraph at lines 1168--1169

 []


Underfull \hbox (badness 10000) in paragraph at lines 1172--1173

 []


Underfull \hbox (badness 10000) in paragraph at lines 1174--1175

 []

[28]
Underfull \hbox (badness 10000) in paragraph at lines 1176--1177

 []


Underfull \hbox (badness 10000) in paragraph at lines 1178--1179

 []


Underfull \hbox (badness 10000) in paragraph at lines 1180--1181

 []


Overfull \hbox (9.5597pt too wide) in paragraph at lines 1186--1187
\T1/cmr/m/n/12 Die Ro-sen-brock-funk-ti-on nimmt ih-ren Op-ti-mal-wert y=0 an b
ei $[] \OT1/cmr/m/n/12 = [1\OML/cmm/m/it/12 ; \OT1/cmr/m/n/12 1\OML/cmm/m/it/12
 ; \OT1/cmr/m/n/12 1\OML/cmm/m/it/12 ; \OT1/cmr/m/n/12 1\OML/cmm/m/it/12 ; \OT1
/cmr/m/n/12 1\OML/cmm/m/it/12 ; \OT1/cmr/m/n/12 1\OML/cmm/m/it/12 ; \OT1/cmr/m/
n/12 1\OML/cmm/m/it/12 ; \OT1/cmr/m/n/12 1\OML/cmm/m/it/12 ; \OT1/cmr/m/n/12 1\
OML/cmm/m/it/12 ; \OT1/cmr/m/n/12 1]$\T1/cmr/m/n/12 . 
 []


Underfull \hbox (badness 10000) in paragraph at lines 1186--1187

 []


Underfull \hbox (badness 10000) in paragraph at lines 1188--1189

 []


Underfull \hbox (badness 10000) in paragraph at lines 1190--1191

 []


Underfull \hbox (badness 10000) in paragraph at lines 1197--1198

 []

[29]
Underfull \hbox (badness 10000) in paragraph at lines 1199--1200

 []


Underfull \hbox (badness 10000) in paragraph at lines 1201--1202

 []


Underfull \hbox (badness 10000) in paragraph at lines 1206--1207

 []


Underfull \hbox (badness 10000) in paragraph at lines 1208--1209

 []


Underfull \hbox (badness 10000) in paragraph at lines 1210--1211

 []

[30] (./Bachelorarbeit.bbl) [31] (./Bachelorarbeit.lot)
\tf@lot=\write4
\openout4 = `Bachelorarbeit.lot'.

 (./Bachelorarbeit.lof
[32])
\tf@lof=\write5
\openout5 = `Bachelorarbeit.lof'.

 [33]
part without number
<Abbildungen/ACO_R_simple_Cigar_m_compare_n=10_g_q=0_95_xi=0_95_k=100_restarts=
0_acc=1e-10.png, id=168, 462.528pt x 346.896pt>
File: Abbildungen/ACO_R_simple_Cigar_m_compare_n=10_g_q=0_95_xi=0_95_k=100_rest
arts=0_acc=1e-10.png Graphic file (type png)
<use Abbildungen/ACO_R_simple_Cigar_m_compare_n=10_g_q=0_95_xi=0_95_k=100_resta
rts=0_acc=1e-10.png>
Package pdftex.def Info: Abbildungen/ACO_R_simple_Cigar_m_compare_n=10_g_q=0_95
_xi=0_95_k=100_restarts=0_acc=1e-10.png  used on input line 1238.
(pdftex.def)             Requested size: 179.24963pt x 134.43668pt.
<Abbildungen/ACO_R_very_simple_Cigar_m_compare_n=10_g_q=0_95_xi=0_95_k=100_rest
arts=0_acc=1e-10.png, id=169, 462.528pt x 346.896pt>
File: Abbildungen/ACO_R_very_simple_Cigar_m_compare_n=10_g_q=0_95_xi=0_95_k=100
_restarts=0_acc=1e-10.png Graphic file (type png)
<use Abbildungen/ACO_R_very_simple_Cigar_m_compare_n=10_g_q=0_95_xi=0_95_k=100_
restarts=0_acc=1e-10.png>
Package pdftex.def Info: Abbildungen/ACO_R_very_simple_Cigar_m_compare_n=10_g_q
=0_95_xi=0_95_k=100_restarts=0_acc=1e-10.png  used on input line 1240.
(pdftex.def)             Requested size: 179.24963pt x 134.43668pt.
<Abbildungen/ACO_R_simple_Paraboloid_m_compare_n=10_g_q=0_95_xi=0_95_k=100_rest
arts=0_acc=1e-10.png, id=170, 462.528pt x 346.896pt>
File: Abbildungen/ACO_R_simple_Paraboloid_m_compare_n=10_g_q=0_95_xi=0_95_k=100
_restarts=0_acc=1e-10.png Graphic file (type png)
<use Abbildungen/ACO_R_simple_Paraboloid_m_compare_n=10_g_q=0_95_xi=0_95_k=100_
restarts=0_acc=1e-10.png>
Package pdftex.def Info: Abbildungen/ACO_R_simple_Paraboloid_m_compare_n=10_g_q
=0_95_xi=0_95_k=100_restarts=0_acc=1e-10.png  used on input line 1247.
(pdftex.def)             Requested size: 179.24963pt x 134.43668pt.
<Abbildungen/ACO_R_very_simple_Paraboloid_m_compare_n=10_g_q=0_95_xi=0_95_k=100
_restarts=0_acc=1e-10.png, id=171, 462.528pt x 346.896pt>
File: Abbildungen/ACO_R_very_simple_Paraboloid_m_compare_n=10_g_q=0_95_xi=0_95_
k=100_restarts=0_acc=1e-10.png Graphic file (type png)
<use Abbildungen/ACO_R_very_simple_Paraboloid_m_compare_n=10_g_q=0_95_xi=0_95_k
=100_restarts=0_acc=1e-10.png>
Package pdftex.def Info: Abbildungen/ACO_R_very_simple_Paraboloid_m_compare_n=1
0_g_q=0_95_xi=0_95_k=100_restarts=0_acc=1e-10.png  used on input line 1249.
(pdftex.def)             Requested size: 179.24963pt x 134.43668pt.
<Abbildungen/ACO_R_simple_Tablet_m_compare_n=10_g_q=0_95_xi=0_95_k=100_restarts
=0_acc=1e-10.png, id=172, 462.528pt x 346.896pt>
File: Abbildungen/ACO_R_simple_Tablet_m_compare_n=10_g_q=0_95_xi=0_95_k=100_res
tarts=0_acc=1e-10.png Graphic file (type png)
<use Abbildungen/ACO_R_simple_Tablet_m_compare_n=10_g_q=0_95_xi=0_95_k=100_rest
arts=0_acc=1e-10.png>
Package pdftex.def Info: Abbildungen/ACO_R_simple_Tablet_m_compare_n=10_g_q=0_9
5_xi=0_95_k=100_restarts=0_acc=1e-10.png  used on input line 1256.
(pdftex.def)             Requested size: 179.24963pt x 134.43668pt.
<Abbildungen/ACO_R_very_simple_Tablet_m_compare_n=10_g_q=0_95_xi=0_95_k=100_res
tarts=0_acc=1e-10.png, id=173, 462.528pt x 346.896pt>
File: Abbildungen/ACO_R_very_simple_Tablet_m_compare_n=10_g_q=0_95_xi=0_95_k=10
0_restarts=0_acc=1e-10.png Graphic file (type png)
<use Abbildungen/ACO_R_very_simple_Tablet_m_compare_n=10_g_q=0_95_xi=0_95_k=100
_restarts=0_acc=1e-10.png>
Package pdftex.def Info: Abbildungen/ACO_R_very_simple_Tablet_m_compare_n=10_g_
q=0_95_xi=0_95_k=100_restarts=0_acc=1e-10.png  used on input line 1258.
(pdftex.def)             Requested size: 179.24963pt x 134.43668pt.
[1 <./Abbildungen/ACO_R_simple_Cigar_m_compare_n=10_g_q=0_95_xi=0_95_k=100_rest
arts=0_acc=1e-10.png> <./Abbildungen/ACO_R_very_simple_Cigar_m_compare_n=10_g_q
=0_95_xi=0_95_k=100_restarts=0_acc=1e-10.png> <./Abbildungen/ACO_R_simple_Parab
oloid_m_compare_n=10_g_q=0_95_xi=0_95_k=100_restarts=0_acc=1e-10.png> <./Abbild
ungen/ACO_R_very_simple_Paraboloid_m_compare_n=10_g_q=0_95_xi=0_95_k=100_restar
ts=0_acc=1e-10.png>]
<Abbildungen/ACO_R_simple_Cigar_g_q_compare_m=1_xi=0_95_k=100_restarts=0_acc=1e
-10.png, id=182, 462.528pt x 346.896pt>
File: Abbildungen/ACO_R_simple_Cigar_g_q_compare_m=1_xi=0_95_k=100_restarts=0_a
cc=1e-10.png Graphic file (type png)
<use Abbildungen/ACO_R_simple_Cigar_g_q_compare_m=1_xi=0_95_k=100_restarts=0_ac
c=1e-10.png>
Package pdftex.def Info: Abbildungen/ACO_R_simple_Cigar_g_q_compare_m=1_xi=0_95
_k=100_restarts=0_acc=1e-10.png  used on input line 1269.
(pdftex.def)             Requested size: 277.51894pt x 208.13919pt.
<Abbildungen/ACO_R_simple_Paraboloid_g_q_compare_m=1_xi=0_95_k=100_restarts=0_a
cc=1e-10.png, id=183, 462.528pt x 346.896pt>
File: Abbildungen/ACO_R_simple_Paraboloid_g_q_compare_m=1_xi=0_95_k=100_restart
s=0_acc=1e-10.png Graphic file (type png)
<use Abbildungen/ACO_R_simple_Paraboloid_g_q_compare_m=1_xi=0_95_k=100_restarts
=0_acc=1e-10.png>
Package pdftex.def Info: Abbildungen/ACO_R_simple_Paraboloid_g_q_compare_m=1_xi
=0_95_k=100_restarts=0_acc=1e-10.png  used on input line 1276.
(pdftex.def)             Requested size: 277.51894pt x 208.13919pt.
 [2 <./Abbildungen/ACO_R_simple_Tablet_m_compare_n=10_g_q=0_95_xi=0_95_k=100_re
starts=0_acc=1e-10.png> <./Abbildungen/ACO_R_very_simple_Tablet_m_compare_n=10_
g_q=0_95_xi=0_95_k=100_restarts=0_acc=1e-10.png> <./Abbildungen/ACO_R_simple_Ci
gar_g_q_compare_m=1_xi=0_95_k=100_restarts=0_acc=1e-10.png>]
<Abbildungen/ACO_R_simple_Tablet_g_q_compare_m=1_xi=0_95_k=100_restarts=0_acc=1
e-10.png, id=192, 462.528pt x 346.896pt>
File: Abbildungen/ACO_R_simple_Tablet_g_q_compare_m=1_xi=0_95_k=100_restarts=0_
acc=1e-10.png Graphic file (type png)
<use Abbildungen/ACO_R_simple_Tablet_g_q_compare_m=1_xi=0_95_k=100_restarts=0_a
cc=1e-10.png>
Package pdftex.def Info: Abbildungen/ACO_R_simple_Tablet_g_q_compare_m=1_xi=0_9
5_k=100_restarts=0_acc=1e-10.png  used on input line 1283.
(pdftex.def)             Requested size: 277.51894pt x 208.13919pt.
<Abbildungen/ACO_R_simple_Cigar_xi_compare_m=1_n=10_g_q=0_95_k=100_restarts=0_a
cc=1e-10.png, id=193, 462.528pt x 346.896pt>
File: Abbildungen/ACO_R_simple_Cigar_xi_compare_m=1_n=10_g_q=0_95_k=100_restart
s=0_acc=1e-10.png Graphic file (type png)
<use Abbildungen/ACO_R_simple_Cigar_xi_compare_m=1_n=10_g_q=0_95_k=100_restarts
=0_acc=1e-10.png>
Package pdftex.def Info: Abbildungen/ACO_R_simple_Cigar_xi_compare_m=1_n=10_g_q
=0_95_k=100_restarts=0_acc=1e-10.png  used on input line 1294.
(pdftex.def)             Requested size: 179.24963pt x 134.43668pt.
<Abbildungen/ACO_R_very_simple_Cigar_xi_compare_m=1_n=10_g_q=0_95_k=100_restart
s=0_acc=1e-10.png, id=194, 462.528pt x 346.896pt>
File: Abbildungen/ACO_R_very_simple_Cigar_xi_compare_m=1_n=10_g_q=0_95_k=100_re
starts=0_acc=1e-10.png Graphic file (type png)
<use Abbildungen/ACO_R_very_simple_Cigar_xi_compare_m=1_n=10_g_q=0_95_k=100_res
tarts=0_acc=1e-10.png>
Package pdftex.def Info: Abbildungen/ACO_R_very_simple_Cigar_xi_compare_m=1_n=1
0_g_q=0_95_k=100_restarts=0_acc=1e-10.png  used on input line 1296.
(pdftex.def)             Requested size: 179.24963pt x 134.43668pt.
 [3 <./Abbildungen/ACO_R_simple_Paraboloid_g_q_compare_m=1_xi=0_95_k=100_restar
ts=0_acc=1e-10.png> <./Abbildungen/ACO_R_simple_Tablet_g_q_compare_m=1_xi=0_95_
k=100_restarts=0_acc=1e-10.png>]
<Abbildungen/ACO_R_simple_Paraboloid_xi_compare_m=1_n=10_g_q=0_95_k=100_restart
s=0_acc=1e-10.png, id=200, 462.528pt x 346.896pt>
File: Abbildungen/ACO_R_simple_Paraboloid_xi_compare_m=1_n=10_g_q=0_95_k=100_re
starts=0_acc=1e-10.png Graphic file (type png)
<use Abbildungen/ACO_R_simple_Paraboloid_xi_compare_m=1_n=10_g_q=0_95_k=100_res
tarts=0_acc=1e-10.png>
Package pdftex.def Info: Abbildungen/ACO_R_simple_Paraboloid_xi_compare_m=1_n=1
0_g_q=0_95_k=100_restarts=0_acc=1e-10.png  used on input line 1303.
(pdftex.def)             Requested size: 179.24963pt x 134.43668pt.
<Abbildungen/ACO_R_very_simple_Paraboloid_xi_compare_m=1_n=10_g_q=0_95_k=100_re
starts=0_acc=1e-10.png, id=201, 462.528pt x 346.896pt>
File: Abbildungen/ACO_R_very_simple_Paraboloid_xi_compare_m=1_n=10_g_q=0_95_k=1
00_restarts=0_acc=1e-10.png Graphic file (type png)
<use Abbildungen/ACO_R_very_simple_Paraboloid_xi_compare_m=1_n=10_g_q=0_95_k=10
0_restarts=0_acc=1e-10.png>
Package pdftex.def Info: Abbildungen/ACO_R_very_simple_Paraboloid_xi_compare_m=
1_n=10_g_q=0_95_k=100_restarts=0_acc=1e-10.png  used on input line 1305.
(pdftex.def)             Requested size: 179.24963pt x 134.43668pt.
<Abbildungen/ACO_R_simple_Tablet_xi_compare_m=1_n=10_g_q=0_95_k=100_restarts=0_
acc=1e-10.png, id=202, 462.528pt x 346.896pt>
File: Abbildungen/ACO_R_simple_Tablet_xi_compare_m=1_n=10_g_q=0_95_k=100_restar
ts=0_acc=1e-10.png Graphic file (type png)
<use Abbildungen/ACO_R_simple_Tablet_xi_compare_m=1_n=10_g_q=0_95_k=100_restart
s=0_acc=1e-10.png>
Package pdftex.def Info: Abbildungen/ACO_R_simple_Tablet_xi_compare_m=1_n=10_g_
q=0_95_k=100_restarts=0_acc=1e-10.png  used on input line 1312.
(pdftex.def)             Requested size: 179.24963pt x 134.43668pt.
<Abbildungen/ACO_R_very_simple_Tablet_xi_compare_m=1_n=10_g_q=0_95_k=100_restar
ts=0_acc=1e-10.png, id=203, 462.528pt x 346.896pt>
File: Abbildungen/ACO_R_very_simple_Tablet_xi_compare_m=1_n=10_g_q=0_95_k=100_r
estarts=0_acc=1e-10.png Graphic file (type png)
<use Abbildungen/ACO_R_very_simple_Tablet_xi_compare_m=1_n=10_g_q=0_95_k=100_re
starts=0_acc=1e-10.png>
Package pdftex.def Info: Abbildungen/ACO_R_very_simple_Tablet_xi_compare_m=1_n=
10_g_q=0_95_k=100_restarts=0_acc=1e-10.png  used on input line 1314.
(pdftex.def)             Requested size: 179.24963pt x 134.43668pt.
 [4 <./Abbildungen/ACO_R_simple_Cigar_xi_compare_m=1_n=10_g_q=0_95_k=100_restar
ts=0_acc=1e-10.png> <./Abbildungen/ACO_R_very_simple_Cigar_xi_compare_m=1_n=10_
g_q=0_95_k=100_restarts=0_acc=1e-10.png> <./Abbildungen/ACO_R_simple_Paraboloid
_xi_compare_m=1_n=10_g_q=0_95_k=100_restarts=0_acc=1e-10.png> <./Abbildungen/AC
O_R_very_simple_Paraboloid_xi_compare_m=1_n=10_g_q=0_95_k=100_restarts=0_acc=1e
-10.png> <./Abbildungen/ACO_R_simple_Tablet_xi_compare_m=1_n=10_g_q=0_95_k=100_
restarts=0_acc=1e-10.png> <./Abbildungen/ACO_R_very_simple_Tablet_xi_compare_m=
1_n=10_g_q=0_95_k=100_restarts=0_acc=1e-10.png>]
Overfull \hbox (12.59427pt too wide) in paragraph at lines 1343--1344
 $[]$  $[]$  $[]$
 []


Underfull \hbox (badness 10000) in paragraph at lines 1343--1344

 []

[5] (./Bachelorarbeit.aux)
 ***********
LaTeX2e <2023-11-01> patch level 1
L3 programming layer <2024-01-22>
 ***********


LaTeX Font Warning: Size substitutions with differences
(Font)              up to 0.72pt have occurred.

 ) 
Here is how much of TeX's memory you used:
 10943 strings out of 474222
 225306 string characters out of 5748732
 1962975 words of memory out of 5000000
 33031 multiletter control sequences out of 15000+600000
 583109 words of font info for 95 fonts, out of 8000000 for 9000
 1141 hyphenation exceptions out of 8191
 108i,22n,107p,10926b,451s stack positions out of 10000i,1000n,20000p,200000b,200000s
</usr/share/texlive/texmf-dist/fonts/type1/public/amsfonts/cm/cmex10.pfb></us
r/share/texlive/texmf-dist/fonts/type1/public/amsfonts/cmextra/cmex7.pfb></usr/
share/texlive/texmf-dist/fonts/type1/public/amsfonts/cm/cmmi10.pfb></usr/share/
texlive/texmf-dist/fonts/type1/public/amsfonts/cm/cmmi12.pfb></usr/share/texliv
e/texmf-dist/fonts/type1/public/amsfonts/cm/cmmi5.pfb></usr/share/texlive/texmf
-dist/fonts/type1/public/amsfonts/cm/cmmi6.pfb></usr/share/texlive/texmf-dist/f
onts/type1/public/amsfonts/cm/cmmi7.pfb></usr/share/texlive/texmf-dist/fonts/ty
pe1/public/amsfonts/cm/cmmi8.pfb></usr/share/texlive/texmf-dist/fonts/type1/pub
lic/amsfonts/cm/cmr10.pfb></usr/share/texlive/texmf-dist/fonts/type1/public/ams
fonts/cm/cmr12.pfb></usr/share/texlive/texmf-dist/fonts/type1/public/amsfonts/c
m/cmr5.pfb></usr/share/texlive/texmf-dist/fonts/type1/public/amsfonts/cm/cmr6.p
fb></usr/share/texlive/texmf-dist/fonts/type1/public/amsfonts/cm/cmr7.pfb></usr
/share/texlive/texmf-dist/fonts/type1/public/amsfonts/cm/cmr8.pfb></usr/share/t
exlive/texmf-dist/fonts/type1/public/amsfonts/cm/cmsy10.pfb></usr/share/texlive
/texmf-dist/fonts/type1/public/amsfonts/cm/cmsy5.pfb></usr/share/texlive/texmf-
dist/fonts/type1/public/amsfonts/cm/cmsy6.pfb></usr/share/texlive/texmf-dist/fo
nts/type1/public/amsfonts/cm/cmsy7.pfb></usr/share/texlive/texmf-dist/fonts/typ
e1/public/amsfonts/cm/cmsy8.pfb></usr/share/texlive/texmf-dist/fonts/type1/publ
ic/amsfonts/symbols/msbm10.pfb></usr/share/texlive/texmf-dist/fonts/type1/publi
c/amsfonts/symbols/msbm7.pfb></usr/share/texmf/fonts/type1/public/cm-super/sfbx
1000.pfb></usr/share/texmf/fonts/type1/public/cm-super/sfbx1200.pfb></usr/share
/texmf/fonts/type1/public/cm-super/sfbx1440.pfb></usr/share/texmf/fonts/type1/p
ublic/cm-super/sfbx1728.pfb></usr/share/texmf/fonts/type1/public/cm-super/sfcc1
200.pfb></usr/share/texmf/fonts/type1/public/cm-super/sfrm0800.pfb></usr/share/
texmf/fonts/type1/public/cm-super/sfrm1000.pfb></usr/share/texmf/fonts/type1/pu
blic/cm-super/sfrm1200.pfb></usr/share/texmf/fonts/type1/public/cm-super/sfso12
00.pfb></usr/share/texmf/fonts/type1/public/cm-super/sfso1440.pfb></usr/share/t
exmf/fonts/type1/public/cm-super/sfso1728.pfb></usr/share/texmf/fonts/type1/pub
lic/cm-super/sfsx1200.pfb></usr/share/texmf/fonts/type1/public/cm-super/sfsx144
0.pfb></usr/share/texmf/fonts/type1/public/cm-super/sfsx1728.pfb></usr/share/te
xmf/fonts/type1/public/cm-super/sfsx2488.pfb></usr/share/texmf/fonts/type1/publ
ic/cm-super/sfti1000.pfb></usr/share/texmf/fonts/type1/public/cm-super/sfti1200
.pfb>
Output written on Bachelorarbeit.pdf (40 pages, 793626 bytes).
PDF statistics:
 376 PDF objects out of 1000 (max. 8388607)
 207 compressed objects within 3 object streams
 0 named destinations out of 1000 (max. 500000)
 121 words of extra memory for PDF output out of 10000 (max. 10000000)

