This is pdfTeX, Version 3.141592653-2.6-1.40.25 (TeX Live 2023/Debian) (preloaded format=pdflatex 2024.10.18)  24 AUG 2025 21:14
entering extended mode
 restricted \write18 enabled.
 %&-line parsing enabled.
**Masterarbeit.tex
(./Masterarbeit.tex
LaTeX2e <2023-11-01> patch level 1
L3 programming layer <2024-01-22>
(/usr/share/texlive/texmf-dist/tex/latex/koma-script/scrartcl.cls
Document Class: scrartcl 2023/07/07 v3.41 KOMA-Script document class (article)
(/usr/share/texlive/texmf-dist/tex/latex/koma-script/scrkbase.sty
Package: scrkbase 2023/07/07 v3.41 KOMA-Script package (KOMA-Script-dependent b
asics and keyval usage)

(/usr/share/texlive/texmf-dist/tex/latex/koma-script/scrbase.sty
Package: scrbase 2023/07/07 v3.41 KOMA-Script package (KOMA-Script-independent 
basics and keyval usage)

(/usr/share/texlive/texmf-dist/tex/latex/koma-script/scrlfile.sty
Package: scrlfile 2023/07/07 v3.41 KOMA-Script package (file load hooks)

(/usr/share/texlive/texmf-dist/tex/latex/koma-script/scrlfile-hook.sty
Package: scrlfile-hook 2023/07/07 v3.41 KOMA-Script package (using LaTeX hooks)


(/usr/share/texlive/texmf-dist/tex/latex/koma-script/scrlogo.sty
Package: scrlogo 2023/07/07 v3.41 KOMA-Script package (logo)
)))
(/usr/share/texlive/texmf-dist/tex/latex/graphics/keyval.sty
Package: keyval 2022/05/29 v1.15 key=value parser (DPC)
\KV@toks@=\toks17
)
Applying: [2021/05/01] Usage of raw or classic option list on input line 252.
Already applied: [0000/00/00] Usage of raw or classic option list on input line
 368.
))
(/usr/share/texlive/texmf-dist/tex/latex/koma-script/tocbasic.sty
Package: tocbasic 2023/07/07 v3.41 KOMA-Script package (handling toc-files)
\scr@dte@tocline@numberwidth=\skip48
\scr@dte@tocline@numbox=\box51
)
Package tocbasic Info: omitting babel extension for `toc'
(tocbasic)             because of feature `nobabel' available
(tocbasic)             for `toc' on input line 133.
Class scrartcl Info: File `scrsize12pt.clo' used instead of
(scrartcl)           file `scrsize12.clo' to setup font sizes on input line 244
1.

(/usr/share/texlive/texmf-dist/tex/latex/koma-script/scrsize12pt.clo
File: scrsize12pt.clo 2023/07/07 v3.41 KOMA-Script font size class option (12pt
)
)
(/usr/share/texlive/texmf-dist/tex/latex/koma-script/typearea.sty
Package: typearea 2023/07/07 v3.41 KOMA-Script package (type area)
\ta@bcor=\skip49
\ta@div=\count187
\ta@hblk=\skip50
\ta@vblk=\skip51
\ta@temp=\skip52
\footheight=\skip53
Package typearea Info: These are the values describing the layout:
(typearea)             DIV  = 12
(typearea)             BCOR = 0.0pt
(typearea)             \paperwidth      = 597.50793pt
(typearea)              \textwidth      = 448.13095pt
(typearea)              DIV departure   = -6%
(typearea)              \evensidemargin = 2.4185pt
(typearea)              \oddsidemargin  = 2.4185pt
(typearea)             \paperheight     = 845.04694pt
(typearea)              \textheight     = 635.5pt
(typearea)              \topmargin      = -41.72441pt
(typearea)              \headheight     = 18.125pt
(typearea)              \headsep        = 21.75pt
(typearea)              \topskip        = 12.0pt
(typearea)              \footskip       = 50.75pt
(typearea)              \baselineskip   = 14.5pt
(typearea)              on input line 1799.
)
\c@part=\count188
\c@section=\count189
\c@subsection=\count190
\c@subsubsection=\count191
\c@paragraph=\count192
\c@subparagraph=\count193
\scr@dte@section@maxnumwidth=\skip54
Class scrartcl Info: using compatibility default `runin=bysign'
(scrartcl)           for `\section on input line 5082.
Class scrartcl Info: using compatibility default `afterindent=bysign'
(scrartcl)           for `\section on input line 5082.
\scr@dte@part@maxnumwidth=\skip55
Class scrartcl Info: using compatibility default `afterindent=false'
(scrartcl)           for `\part on input line 5090.
\scr@dte@subsection@maxnumwidth=\skip56
Class scrartcl Info: using compatibility default `runin=bysign'
(scrartcl)           for `\subsection on input line 5100.
Class scrartcl Info: using compatibility default `afterindent=bysign'
(scrartcl)           for `\subsection on input line 5100.
\scr@dte@subsubsection@maxnumwidth=\skip57
Class scrartcl Info: using compatibility default `runin=bysign'
(scrartcl)           for `\subsubsection on input line 5110.
Class scrartcl Info: using compatibility default `afterindent=bysign'
(scrartcl)           for `\subsubsection on input line 5110.
\scr@dte@paragraph@maxnumwidth=\skip58
Class scrartcl Info: using compatibility default `runin=bysign'
(scrartcl)           for `\paragraph on input line 5121.
Class scrartcl Info: using compatibility default `afterindent=bysign'
(scrartcl)           for `\paragraph on input line 5121.
\scr@dte@subparagraph@maxnumwidth=\skip59
Class scrartcl Info: using compatibility default `runin=bysign'
(scrartcl)           for `\subparagraph on input line 5131.
Class scrartcl Info: using compatibility default `afterindent=bysign'
(scrartcl)           for `\subparagraph on input line 5131.
\abovecaptionskip=\skip60
\belowcaptionskip=\skip61
\c@pti@nb@sid@b@x=\box52
Package tocbasic Info: omitting babel extension for `lof'
(tocbasic)             because of feature `nobabel' available
(tocbasic)             for `lof' on input line 6309.
\scr@dte@figure@maxnumwidth=\skip62
\c@figure=\count194
Package tocbasic Info: omitting babel extension for `lot'
(tocbasic)             because of feature `nobabel' available
(tocbasic)             for `lot' on input line 6325.
\scr@dte@table@maxnumwidth=\skip63
\c@table=\count195
Class scrartcl Info: Redefining `\numberline' on input line 6495.
\bibindent=\dimen140
)
(/usr/share/texlive/texmf-dist/tex/latex/cite/cite.sty
LaTeX Info: Redefining \cite on input line 302.
LaTeX Info: Redefining \nocite on input line 332.
Package: cite 2015/02/27  v 5.5
)
(/usr/share/texlive/texmf-dist/tex/generic/babel/babel.sty
Package: babel 2024/01/07 v24.1 The Babel package
\babel@savecnt=\count196
\U@D=\dimen141
\l@unhyphenated=\language89

(/usr/share/texlive/texmf-dist/tex/generic/babel/txtbabel.def)
\bbl@readstream=\read2
\bbl@dirlevel=\count197

(/usr/share/texlive/texmf-dist/tex/generic/babel-english/english.ldf
Language: english 2017/06/06 v3.3r English support from the babel system
Package babel Info: Hyphen rules for 'canadian' set to \l@english
(babel)             (\language0). Reported on input line 102.
Package babel Info: Hyphen rules for 'australian' set to \l@ukenglish
(babel)             (\language53). Reported on input line 105.
Package babel Info: Hyphen rules for 'newzealand' set to \l@ukenglish
(babel)             (\language53). Reported on input line 108.
)
(/usr/share/texlive/texmf-dist/tex/generic/babel-german/ngerman.ldf
Language: ngerman 2024/01/19 v2.14 German support for babel (post-1996 orthogra
phy)

(/usr/share/texlive/texmf-dist/tex/generic/babel-german/ngermanb.ldf
Language: ngermanb 2024/01/19 v2.14 German support for babel (post-1996 orthogr
aphy)
Package babel Info: Making " an active character on input line 122.
)))
(/usr/share/texlive/texmf-dist/tex/generic/babel/locale/de/babel-ngerman.tex
Package babel Info: Importing font and identification data for ngerman
(babel)             from babel-de.ini. Reported on input line 11.
)
(/usr/share/texlive/texmf-dist/tex/generic/babel/locale/en/babel-english.tex
Package babel Info: Importing font and identification data for english
(babel)             from babel-en.ini. Reported on input line 11.
)
(/usr/share/texlive/texmf-dist/tex/latex/mwe/mwe.sty
Package: mwe 2018/03/30 v0.5 Package to support minimal working examples (MWE)

(/usr/share/texlive/texmf-dist/tex/latex/graphics/graphicx.sty
Package: graphicx 2021/09/16 v1.2d Enhanced LaTeX Graphics (DPC,SPQR)

(/usr/share/texlive/texmf-dist/tex/latex/graphics/graphics.sty
Package: graphics 2022/03/10 v1.4e Standard LaTeX Graphics (DPC,SPQR)

(/usr/share/texlive/texmf-dist/tex/latex/graphics/trig.sty
Package: trig 2021/08/11 v1.11 sin cos tan (DPC)
)
(/usr/share/texlive/texmf-dist/tex/latex/graphics-cfg/graphics.cfg
File: graphics.cfg 2016/06/04 v1.11 sample graphics configuration
)
Package graphics Info: Driver file: pdftex.def on input line 107.

(/usr/share/texlive/texmf-dist/tex/latex/graphics-def/pdftex.def
File: pdftex.def 2022/09/22 v1.2b Graphics/color driver for pdftex
))
\Gin@req@height=\dimen142
\Gin@req@width=\dimen143
)
(/usr/share/texlive/texmf-dist/tex/latex/lipsum/lipsum.sty
(/usr/share/texlive/texmf-dist/tex/latex/l3packages/l3keys2e/l3keys2e.sty
(/usr/share/texlive/texmf-dist/tex/latex/l3kernel/expl3.sty
Package: expl3 2024-01-22 L3 programming layer (loader) 

(/usr/share/texlive/texmf-dist/tex/latex/l3backend/l3backend-pdftex.def
File: l3backend-pdftex.def 2024-01-04 L3 backend support: PDF output (pdfTeX)
\l__color_backend_stack_int=\count198
\l__pdf_internal_box=\box53
))
Package: l3keys2e 2023-10-10 LaTeX2e option processing using LaTeX3 keys
)
Package: lipsum 2021-09-20 v2.7 150 paragraphs of Lorem Ipsum dummy text
\g__lipsum_par_int=\count199
\l__lipsum_a_int=\count266
\l__lipsum_b_int=\count267

(/usr/share/texlive/texmf-dist/tex/latex/lipsum/lipsum.ltd.tex))
(/usr/share/texlive/texmf-dist/tex/latex/blindtext/blindtext.sty
Package: blindtext 2012/01/06 V2.0 blindtext-Package

(/usr/share/texlive/texmf-dist/tex/latex/tools/xspace.sty
Package: xspace 2014/10/28 v1.13 Space after command names (DPC,MH)
)
\c@blindtext=\count268
\c@Blindtext=\count269
\c@blind@countparstart=\count270
\blind@countxx=\count271
\blindtext@numBlindtext=\count272
\blind@countyy=\count273
\c@blindlist=\count274
\c@blindlistlevel=\count275
\c@blindlist@level=\count276
\blind@listitem=\count277
\c@blind@listcount=\count278
\c@blind@levelcount=\count279
\blind@mathformula=\count280
\blind@Mathformula=\count281
\c@blind@randomcount=\count282
\c@blind@randommax=\count283
\c@blind@pangramcount=\count284
\c@blind@pangrammax=\count285
))
(/usr/share/texlive/texmf-dist/tex/latex/newfloat/newfloat.sty
Package: newfloat 2023/10/01 v1.2 Defining new floating environments (AR)
)
(/usr/share/texlive/texmf-dist/tex/latex/base/inputenc.sty
Package: inputenc 2021/02/14 v1.3d Input encoding file
\inpenc@prehook=\toks18
\inpenc@posthook=\toks19
)
(/usr/share/texlive/texmf-dist/tex/latex/csquotes/csquotes.sty
Package: csquotes 2022-09-14 v5.2n context-sensitive quotations (JAW)

(/usr/share/texlive/texmf-dist/tex/latex/etoolbox/etoolbox.sty
Package: etoolbox 2020/10/05 v2.5k e-TeX tools for LaTeX (JAW)
\etb@tempcnta=\count286
)
\csq@reset=\count287
\csq@gtype=\count288
\csq@glevel=\count289
\csq@qlevel=\count290
\csq@maxlvl=\count291
\csq@tshold=\count292
\csq@ltx@everypar=\toks20

(/usr/share/texlive/texmf-dist/tex/latex/csquotes/csquotes.def
File: csquotes.def 2022-09-14 v5.2n csquotes generic definitions (JAW)
)
Package csquotes Info: Trying to load configuration file 'csquotes.cfg'...
Package csquotes Info: ... configuration file loaded successfully.

(/usr/share/texlive/texmf-dist/tex/latex/csquotes/csquotes.cfg
File: csquotes.cfg 
)
Package csquotes Info: Enabling multilingual quotes.
Package csquotes Info: Redefining alias 'german' -> 'german/quotes'.
)
(/usr/share/texlive/texmf-dist/tex/latex/base/fontenc.sty
Package: fontenc 2021/04/29 v2.0v Standard LaTeX package
)
(/usr/share/texlive/texmf-dist/tex/latex/amsfonts/amssymb.sty
Package: amssymb 2013/01/14 v3.01 AMS font symbols

(/usr/share/texlive/texmf-dist/tex/latex/amsfonts/amsfonts.sty
Package: amsfonts 2013/01/14 v3.01 Basic AMSFonts support
\@emptytoks=\toks21
\symAMSa=\mathgroup4
\symAMSb=\mathgroup5
LaTeX Font Info:    Redeclaring math symbol \hbar on input line 98.
LaTeX Font Info:    Overwriting math alphabet `\mathfrak' in version `bold'
(Font)                  U/euf/m/n --> U/euf/b/n on input line 106.
))
(/usr/share/texlive/texmf-dist/tex/latex/amsmath/amsmath.sty
Package: amsmath 2023/05/13 v2.17o AMS math features
\@mathmargin=\skip64

For additional information on amsmath, use the `?' option.
(/usr/share/texlive/texmf-dist/tex/latex/amsmath/amstext.sty
Package: amstext 2021/08/26 v2.01 AMS text

(/usr/share/texlive/texmf-dist/tex/latex/amsmath/amsgen.sty
File: amsgen.sty 1999/11/30 v2.0 generic functions
\@emptytoks=\toks22
\ex@=\dimen144
))
(/usr/share/texlive/texmf-dist/tex/latex/amsmath/amsbsy.sty
Package: amsbsy 1999/11/29 v1.2d Bold Symbols
\pmbraise@=\dimen145
)
(/usr/share/texlive/texmf-dist/tex/latex/amsmath/amsopn.sty
Package: amsopn 2022/04/08 v2.04 operator names
)
\inf@bad=\count293
LaTeX Info: Redefining \frac on input line 234.
\uproot@=\count294
\leftroot@=\count295
LaTeX Info: Redefining \overline on input line 399.
LaTeX Info: Redefining \colon on input line 410.
\classnum@=\count296
\DOTSCASE@=\count297
LaTeX Info: Redefining \ldots on input line 496.
LaTeX Info: Redefining \dots on input line 499.
LaTeX Info: Redefining \cdots on input line 620.
\Mathstrutbox@=\box54
\strutbox@=\box55
LaTeX Info: Redefining \big on input line 722.
LaTeX Info: Redefining \Big on input line 723.
LaTeX Info: Redefining \bigg on input line 724.
LaTeX Info: Redefining \Bigg on input line 725.
\big@size=\dimen146
LaTeX Font Info:    Redeclaring font encoding OML on input line 743.
LaTeX Font Info:    Redeclaring font encoding OMS on input line 744.
\macc@depth=\count298
LaTeX Info: Redefining \bmod on input line 905.
LaTeX Info: Redefining \pmod on input line 910.
LaTeX Info: Redefining \smash on input line 940.
LaTeX Info: Redefining \relbar on input line 970.
LaTeX Info: Redefining \Relbar on input line 971.
\c@MaxMatrixCols=\count299
\dotsspace@=\muskip16
\c@parentequation=\count300
\dspbrk@lvl=\count301
\tag@help=\toks23
\row@=\count302
\column@=\count303
\maxfields@=\count304
\andhelp@=\toks24
\eqnshift@=\dimen147
\alignsep@=\dimen148
\tagshift@=\dimen149
\tagwidth@=\dimen150
\totwidth@=\dimen151
\lineht@=\dimen152
\@envbody=\toks25
\multlinegap=\skip65
\multlinetaggap=\skip66
\mathdisplay@stack=\toks26
LaTeX Info: Redefining \[ on input line 2953.
LaTeX Info: Redefining \] on input line 2954.
)
(/usr/share/texlive/texmf-dist/tex/latex/tabulary/tabulary.sty
Package: tabulary 2014/06/11 v0.10 tabulary package (DPC)

(/usr/share/texlive/texmf-dist/tex/latex/tools/array.sty
Package: array 2023/10/16 v2.5g Tabular extension package (FMi)
\col@sep=\dimen153
\ar@mcellbox=\box56
\extrarowheight=\dimen154
\NC@list=\toks27
\extratabsurround=\skip67
\backup@length=\skip68
\ar@cellbox=\box57
)
\TY@count=\count305
\TY@linewidth=\dimen155
\tymin=\dimen156
\tymax=\dimen157
\TY@tablewidth=\dimen158
)
(/usr/share/texlive/texmf-dist/tex/latex/tools/tabularx.sty
Package: tabularx 2023/07/08 v2.11c `tabularx' package (DPC)
\TX@col@width=\dimen159
\TX@old@table=\dimen160
\TX@old@col=\dimen161
\TX@target=\dimen162
\TX@delta=\dimen163
\TX@cols=\count306
\TX@ftn=\toks28
)
(/usr/share/texlive/texmf-dist/tex/latex/subfig/subfig.sty
Package: subfig 2005/06/28 ver: 1.3 subfig package

(/usr/share/texlive/texmf-dist/tex/latex/caption/caption.sty
Package: caption 2023/08/05 v3.6o Customizing captions (AR)

(/usr/share/texlive/texmf-dist/tex/latex/caption/caption3.sty
Package: caption3 2023/07/31 v2.4d caption3 kernel (AR)
\caption@tempdima=\dimen164
\captionmargin=\dimen165
\caption@leftmargin=\dimen166
\caption@rightmargin=\dimen167
\caption@width=\dimen168
\caption@indent=\dimen169
\caption@parindent=\dimen170
\caption@hangindent=\dimen171
Package caption Info: KOMA-Script document class detected.

(/usr/share/texlive/texmf-dist/tex/latex/caption/caption-koma.sto
File: caption-koma.sto 2023/09/08 v2.0e Adaption of the caption package to the 
KOMA-Script document classes (AR)
))
\c@caption@flags=\count307
\c@continuedfloat=\count308
Package caption Info: KOMA-Script scrextend package detected.
\caption@addmargin@hsize=\dimen172
\caption@addmargin@linewidth=\dimen173
)
\c@KVtest=\count309
\sf@farskip=\skip69
\sf@captopadj=\dimen174
\sf@capskip=\skip70
\sf@nearskip=\skip71
\c@subfigure=\count310
\c@subfigure@save=\count311
\c@lofdepth=\count312
\c@subtable=\count313
\c@subtable@save=\count314
\c@lotdepth=\count315
\sf@top=\skip72
\sf@bottom=\skip73
)
(/usr/share/texlive/texmf-dist/tex/latex/booktabs/booktabs.sty
Package: booktabs 2020/01/12 v1.61803398 Publication quality tables
\heavyrulewidth=\dimen175
\lightrulewidth=\dimen176
\cmidrulewidth=\dimen177
\belowrulesep=\dimen178
\belowbottomsep=\dimen179
\aboverulesep=\dimen180
\abovetopsep=\dimen181
\cmidrulesep=\dimen182
\cmidrulekern=\dimen183
\defaultaddspace=\dimen184
\@cmidla=\count316
\@cmidlb=\count317
\@aboverulesep=\dimen185
\@belowrulesep=\dimen186
\@thisruleclass=\count318
\@lastruleclass=\count319
\@thisrulewidth=\dimen187
)
(/usr/share/texlive/texmf-dist/tex/latex/float/float.sty
Package: float 2001/11/08 v1.3d Float enhancements (AL)
\c@float@type=\count320
\float@exts=\toks29
\float@box=\box58
\@float@everytoks=\toks30
\@floatcapt=\box59
)
Package newfloat Info: New float `anlage' with options ` fileext=loa, listname=
Anlagenverzeichnis, name=Anlage, placement=htbp, within=section, ' on input lin
e 30.
\c@anlage=\count321
Package newfloat Info: float type `anlage'=4 on input line 30.
\c@loadepth=\count322
Package tocbasic Info: setting babel extension for `loa' on input line 30.

(/usr/share/texlive/texmf-dist/tex/latex/acronym/acronym.sty
Package: acronym 2020/04/17 v1.47 Support for acronyms (Tobias Oetiker)

(/usr/share/texlive/texmf-dist/tex/latex/bigfoot/suffix.sty
Package: suffix 2006/07/15 1.5a Variant command support
)
(/usr/share/texlive/texmf-dist/tex/generic/xstring/xstring.sty
(/usr/share/texlive/texmf-dist/tex/generic/xstring/xstring.tex
\xs_counta=\count323
\xs_countb=\count324
)
Package: xstring 2023/08/22 v1.86 String manipulations (CT)
)
\AC@clearlist=\toks31
)
Package csquotes Info: Checking for multilingual support...
Package csquotes Info: ... found 'babel' package.


LaTeX Warning: Unused global option(s):
    [a4aper].

(./Masterarbeit.aux)
\openout1 = `Masterarbeit.aux'.

LaTeX Font Info:    Checking defaults for OML/cmm/m/it on input line 43.
LaTeX Font Info:    ... okay on input line 43.
LaTeX Font Info:    Checking defaults for OMS/cmsy/m/n on input line 43.
LaTeX Font Info:    ... okay on input line 43.
LaTeX Font Info:    Checking defaults for OT1/cmr/m/n on input line 43.
LaTeX Font Info:    ... okay on input line 43.
LaTeX Font Info:    Checking defaults for T1/cmr/m/n on input line 43.
LaTeX Font Info:    ... okay on input line 43.
LaTeX Font Info:    Checking defaults for TS1/cmr/m/n on input line 43.
LaTeX Font Info:    ... okay on input line 43.
LaTeX Font Info:    Checking defaults for OMX/cmex/m/n on input line 43.
LaTeX Font Info:    ... okay on input line 43.
LaTeX Font Info:    Checking defaults for U/cmr/m/n on input line 43.
LaTeX Font Info:    ... okay on input line 43.

(/usr/share/texlive/texmf-dist/tex/context/base/mkii/supp-pdf.mkii
[Loading MPS to PDF converter (version 2006.09.02).]
\scratchcounter=\count325
\scratchdimen=\dimen188
\scratchbox=\box60
\nofMPsegments=\count326
\nofMParguments=\count327
\everyMPshowfont=\toks32
\MPscratchCnt=\count328
\MPscratchDim=\dimen189
\MPnumerator=\count329
\makeMPintoPDFobject=\count330
\everyMPtoPDFconversion=\toks33
) (/usr/share/texlive/texmf-dist/tex/latex/epstopdf-pkg/epstopdf-base.sty
Package: epstopdf-base 2020-01-24 v2.11 Base part for package epstopdf

(/usr/share/texlive/texmf-dist/tex/generic/infwarerr/infwarerr.sty
Package: infwarerr 2019/12/03 v1.5 Providing info/warning/error messages (HO)
)
(/usr/share/texlive/texmf-dist/tex/latex/grfext/grfext.sty
Package: grfext 2019/12/03 v1.3 Manage graphics extensions (HO)

(/usr/share/texlive/texmf-dist/tex/generic/kvdefinekeys/kvdefinekeys.sty
Package: kvdefinekeys 2019-12-19 v1.6 Define keys (HO)
))
(/usr/share/texlive/texmf-dist/tex/latex/kvoptions/kvoptions.sty
Package: kvoptions 2022-06-15 v3.15 Key value format for package options (HO)

(/usr/share/texlive/texmf-dist/tex/generic/ltxcmds/ltxcmds.sty
Package: ltxcmds 2023-12-04 v1.26 LaTeX kernel commands for general use (HO)
)
(/usr/share/texlive/texmf-dist/tex/latex/kvsetkeys/kvsetkeys.sty
Package: kvsetkeys 2022-10-05 v1.19 Key value parser (HO)
))
(/usr/share/texlive/texmf-dist/tex/generic/pdftexcmds/pdftexcmds.sty
Package: pdftexcmds 2020-06-27 v0.33 Utility functions of pdfTeX for LuaTeX (HO
)

(/usr/share/texlive/texmf-dist/tex/generic/iftex/iftex.sty
Package: iftex 2022/02/03 v1.0f TeX engine tests
)
Package pdftexcmds Info: \pdf@primitive is available.
Package pdftexcmds Info: \pdf@ifprimitive is available.
Package pdftexcmds Info: \pdfdraftmode found.
)
Package epstopdf-base Info: Redefining graphics rule for `.eps' on input line 4
85.
Package grfext Info: Graphics extension search list:
(grfext)             [.pdf,.png,.jpg,.mps,.jpeg,.jbig2,.jb2,.PDF,.PNG,.JPG,.JPE
G,.JBIG2,.JB2,.eps]
(grfext)             \AppendGraphicsExtensions on input line 504.

(/usr/share/texlive/texmf-dist/tex/latex/latexconfig/epstopdf-sys.cfg
File: epstopdf-sys.cfg 2010/07/13 v1.3 Configuration of (r)epstopdf for TeX Liv
e
))
Package newfloat Info: `float' package detected.
Package caption Info: Begin \AtBeginDocument code.
Package caption Info: subfig package v1.3 is loaded.
Package caption Info: float package is loaded.
Package caption Info: End \AtBeginDocument code.
LaTeX Font Info:    Trying to load font information for T1+cmtt on input line 5
7.

(/usr/share/texlive/texmf-dist/tex/latex/base/t1cmtt.fd
File: t1cmtt.fd 2023/04/13 v2.5m Standard LaTeX font definitions
)

LaTeX Font Warning: Font shape `T1/cmr/bx/n' in size <18> not available
(Font)              size <17.28> substituted on input line 84.

[1

{/var/lib/texmf/fonts/map/pdftex/updmap/pdftex.map}{/usr/share/texmf/fonts/enc/
dvips/cm-super/cm-super-t1.enc}]
LaTeX Font Info:    Trying to load font information for T1+cmss on input line 1
34.

(/usr/share/texlive/texmf-dist/tex/latex/base/t1cmss.fd
File: t1cmss.fd 2023/04/13 v2.5m Standard LaTeX font definitions
) (./Masterarbeit.toc
LaTeX Font Info:    Trying to load font information for U+msa on input line 5.

(/usr/share/texlive/texmf-dist/tex/latex/amsfonts/umsa.fd
File: umsa.fd 2013/01/14 v3.01 AMS symbols A
)
LaTeX Font Info:    Trying to load font information for U+msb on input line 5.

(/usr/share/texlive/texmf-dist/tex/latex/amsfonts/umsb.fd
File: umsb.fd 2013/01/14 v3.01 AMS symbols B
) [2])
\tf@toc=\write3
\openout3 = `Masterarbeit.toc'.

 [3] [4]
Underfull \hbox (badness 10000) in paragraph at lines 154--155

 []


Underfull \hbox (badness 10000) in paragraph at lines 156--157

 []


Underfull \hbox (badness 10000) in paragraph at lines 158--159

 []


Underfull \hbox (badness 10000) in paragraph at lines 160--161

 []

[1]
Underfull \hbox (badness 10000) in paragraph at lines 170--171

 []


Underfull \hbox (badness 10000) in paragraph at lines 172--173

 []


Underfull \hbox (badness 10000) in paragraph at lines 174--175

 []


Underfull \hbox (badness 10000) in paragraph at lines 176--177

 []


Underfull \hbox (badness 10000) in paragraph at lines 178--179

 []

[2]
Underfull \hbox (badness 10000) in paragraph at lines 184--185

 []


Underfull \hbox (badness 10000) in paragraph at lines 186--187

 []


Underfull \hbox (badness 10000) in paragraph at lines 188--189

 []


Underfull \hbox (badness 10000) in paragraph at lines 190--191

 []


Underfull \hbox (badness 10000) in paragraph at lines 205--206

 []


Underfull \hbox (badness 10000) in paragraph at lines 207--208

 []


Underfull \hbox (badness 10000) in paragraph at lines 209--210

 []


Underfull \hbox (badness 10000) in paragraph at lines 211--212

 []

[3]
Underfull \hbox (badness 10000) in paragraph at lines 215--217

 []


Underfull \hbox (badness 10000) in paragraph at lines 218--219

 []


Underfull \hbox (badness 10000) in paragraph at lines 224--225

 []


Underfull \hbox (badness 10000) in paragraph at lines 226--227

 []


Underfull \hbox (badness 10000) in paragraph at lines 240--241

 []


Underfull \hbox (badness 10000) in paragraph at lines 248--249

 []

[4]
Underfull \hbox (badness 10000) in paragraph at lines 250--251

 []


Underfull \hbox (badness 10000) in paragraph at lines 252--253

 []


Underfull \hbox (badness 10000) in paragraph at lines 256--257

 []


Underfull \hbox (badness 10000) in paragraph at lines 258--259

 []


Underfull \hbox (badness 10000) in paragraph at lines 260--261

 []

[5]
Package acronym Info: Label `acro:sce' newly defined as it shall be overridden
although it is yet undefined on input line 272.

Underfull \hbox (badness 10000) in paragraph at lines 272--273

 []


LaTeX Warning: Command \" invalid in math mode on input line 279.

Missing character: There is no ü in font cmr12!

Underfull \hbox (badness 10000) in paragraph at lines 288--289

 []


Underfull \hbox (badness 10000) in paragraph at lines 290--292

 []


LaTeX Warning: Reference `ACO_R' on page 6 undefined on input line 293.


LaTeX Warning: Reference `ACO_R_very_simple' on page 6 undefined on input line 
293.


Underfull \hbox (badness 10000) in paragraph at lines 293--294

 []

[6]
Underfull \hbox (badness 10000) in paragraph at lines 299--300

 []


Underfull \hbox (badness 10000) in paragraph at lines 301--302

 []


Underfull \hbox (badness 10000) in paragraph at lines 303--304

 []


Underfull \hbox (badness 10000) in paragraph at lines 307--308

 []

Package acronym Info: Label `acro:csd' newly defined as it shall be overridden
although it is yet undefined on input line 309.

Underfull \hbox (badness 10000) in paragraph at lines 316--317

 []

[7]
Underfull \hbox (badness 10000) in paragraph at lines 318--319

 []


Underfull \hbox (badness 10000) in paragraph at lines 320--321

 []


LaTeX Warning: Reference `ACO_R' on page 8 undefined on input line 322.


Underfull \hbox (badness 10000) in paragraph at lines 322--323

 []


Underfull \hbox (badness 10000) in paragraph at lines 328--329

 []


Underfull \hbox (badness 10000) in paragraph at lines 330--331

 []


Underfull \hbox (badness 10000) in paragraph at lines 336--337

 []


Underfull \hbox (badness 10000) in paragraph at lines 344--345

 []

[8]
Underfull \hbox (badness 10000) in paragraph at lines 364--365

 []


Underfull \hbox (badness 10000) in paragraph at lines 366--367

 []


Underfull \hbox (badness 10000) in paragraph at lines 372--373

 []

[9]
Underfull \hbox (badness 10000) in paragraph at lines 393--394

 []


Underfull \hbox (badness 10000) in paragraph at lines 401--402

 []


Underfull \hbox (badness 10000) in alignment at lines 425--425
[][][] 
 []


Underfull \hbox (badness 10000) in paragraph at lines 431--432

 []


Underfull \hbox (badness 10000) in paragraph at lines 433--434

 []

[10]
Underfull \hbox (badness 10000) in paragraph at lines 441--442

 []


Underfull \hbox (badness 10000) in paragraph at lines 449--450

 []


Underfull \hbox (badness 10000) in alignment at lines 474--474
[][][] 
 []


Underfull \hbox (badness 10000) in paragraph at lines 482--483

 []


Underfull \hbox (badness 10000) in paragraph at lines 484--485

 []

[11]
Underfull \hbox (badness 10000) in paragraph at lines 486--487

 []


Overfull \hbox (2.44331pt too wide) in paragraph at lines 501--502
\T1/cmr/m/n/12 Hom-HPB-ACO$[]$-very-simple. Da-bei führt je-de [][], nach der I
n-itia-li-sie-rung, den ACO$[]$-
 []

[12]
Underfull \hbox (badness 10000) in paragraph at lines 514--515

 []


Underfull \hbox (badness 10000) in paragraph at lines 516--517

 []

[13]
Underfull \hbox (badness 10000) in paragraph at lines 560--561

 []


Underfull \hbox (badness 10000) in paragraph at lines 562--563

 []

[14]
Underfull \hbox (badness 10000) in paragraph at lines 564--565

 []


Underfull \hbox (badness 10000) in paragraph at lines 566--567

 []


Underfull \hbox (badness 10000) in paragraph at lines 568--569

 []


Underfull \hbox (badness 10000) in paragraph at lines 570--571

 []


Underfull \hbox (badness 10000) in paragraph at lines 572--573

 []


Underfull \hbox (badness 10000) in alignment at lines 600--600
[][] 
 []


Underfull \hbox (badness 10000) in paragraph at lines 604--605

 []

[15]
Underfull \hbox (badness 10000) in paragraph at lines 606--607

 []


Underfull \hbox (badness 10000) in paragraph at lines 608--610

 []


Underfull \hbox (badness 10000) in paragraph at lines 611--613

 []


Underfull \hbox (badness 10000) in paragraph at lines 622--623

 []


LaTeX Warning: Reference `subsub:CSD' on page 16 undefined on input line 624.


Underfull \hbox (badness 10000) in paragraph at lines 624--626

 []


Underfull \hbox (badness 10000) in alignment at lines 669--669
[][] 
 []

[16]
Overfull \hbox (3.46674pt too wide) in alignment at lines 729--729
[][] 
 []

[17]
Overfull \hbox (3.0604pt too wide) in alignment at lines 830--830
[][] 
 []

[18]
Underfull \hbox (badness 10000) in alignment at lines 865--865
[][] 
 []

[19]
<Abbildungen/3D_Visualisationen/3D_visualization_paraboloid_2_-3_7_coolwarm.png
, id=106, 462.528pt x 346.896pt>
File: Abbildungen/3D_Visualisationen/3D_visualization_paraboloid_2_-3_7_coolwar
m.png Graphic file (type png)
<use Abbildungen/3D_Visualisationen/3D_visualization_paraboloid_2_-3_7_coolwarm
.png>
Package pdftex.def Info: Abbildungen/3D_Visualisationen/3D_visualization_parabo
loid_2_-3_7_coolwarm.png  used on input line 879.
(pdftex.def)             Requested size: 370.02289pt x 277.51717pt.
 [20]
<Abbildungen/3D_Visualisationen/3D_visualization_griewangk_2_-600_600_coolwarm.
png, id=111, 462.528pt x 346.896pt>
File: Abbildungen/3D_Visualisationen/3D_visualization_griewangk_2_-600_600_cool
warm.png Graphic file (type png)
<use Abbildungen/3D_Visualisationen/3D_visualization_griewangk_2_-600_600_coolw
arm.png>
Package pdftex.def Info: Abbildungen/3D_Visualisationen/3D_visualization_griewa
ngk_2_-600_600_coolwarm.png  used on input line 893.
(pdftex.def)             Requested size: 134.44064pt x 100.83015pt.
<Abbildungen/3D_Visualisationen/3D_visualization_griewangk_2_-10_10_coolwarm.pn
g, id=112, 462.528pt x 346.896pt>
File: Abbildungen/3D_Visualisationen/3D_visualization_griewangk_2_-10_10_coolwa
rm.png Graphic file (type png)
<use Abbildungen/3D_Visualisationen/3D_visualization_griewangk_2_-10_10_coolwar
m.png>
Package pdftex.def Info: Abbildungen/3D_Visualisationen/3D_visualization_griewa
ngk_2_-10_10_coolwarm.png  used on input line 894.
(pdftex.def)             Requested size: 134.44064pt x 100.83015pt.
<Abbildungen/3D_Visualisationen/3D_visualization_griewangk_2_-4_4_coolwarm.png,
 id=113, 462.528pt x 346.896pt>
File: Abbildungen/3D_Visualisationen/3D_visualization_griewangk_2_-4_4_coolwarm
.png Graphic file (type png)
<use Abbildungen/3D_Visualisationen/3D_visualization_griewangk_2_-4_4_coolwarm.
png>
Package pdftex.def Info: Abbildungen/3D_Visualisationen/3D_visualization_griewa
ngk_2_-4_4_coolwarm.png  used on input line 895.
(pdftex.def)             Requested size: 134.44064pt x 100.83015pt.
 [21 <./Abbildungen/3D_Visualisationen/3D_visualization_paraboloid_2_-3_7_coolw
arm.png>]
<Abbildungen/3D_Visualisationen/3D_visualization_rosenbrock_2_-2_2_coolwarm.png
, id=119, 462.528pt x 346.896pt>
File: Abbildungen/3D_Visualisationen/3D_visualization_rosenbrock_2_-2_2_coolwar
m.png Graphic file (type png)
<use Abbildungen/3D_Visualisationen/3D_visualization_rosenbrock_2_-2_2_coolwarm
.png>
Package pdftex.def Info: Abbildungen/3D_Visualisationen/3D_visualization_rosenb
rock_2_-2_2_coolwarm.png  used on input line 910.
(pdftex.def)             Requested size: 370.02289pt x 277.51717pt.
 [22 <./Abbildungen/3D_Visualisationen/3D_visualization_griewangk_2_-600_600_co
olwarm.png> <./Abbildungen/3D_Visualisationen/3D_visualization_griewangk_2_-10_
10_coolwarm.png> <./Abbildungen/3D_Visualisationen/3D_visualization_griewangk_2
_-4_4_coolwarm.png> <./Abbildungen/3D_Visualisationen/3D_visualization_rosenbro
ck_2_-2_2_coolwarm.png>]
Underfull \hbox (badness 10000) in paragraph at lines 935--937

 []


Underfull \hbox (badness 10000) in paragraph at lines 938--940

 []


Underfull \hbox (badness 10000) in paragraph at lines 941--942

 []

[23]
Underfull \hbox (badness 10000) in paragraph at lines 1029--1030

 []


Underfull \hbox (badness 10000) in paragraph at lines 1073--1074

 []

[24]

LaTeX Warning: Reference `eq:coil_spring_material' on page 25 undefined on inpu
t line 1131.


LaTeX Warning: Reference `fig:box_plot:ACO_R-VS_CSD_penalty_perform' on page 25
 undefined on input line 1140.


Underfull \hbox (badness 10000) in paragraph at lines 1137--1141

 []


Underfull \hbox (badness 10000) in paragraph at lines 1137--1141

 []

[25]

LaTeX Warning: Reference `fig:box_plot:ACO_R-VS_CSD_exact_perform' on page 26 u
ndefined on input line 1220.


Underfull \hbox (badness 10000) in paragraph at lines 1218--1221

 []

<Abbildungen/3D_Visualisationen/3D_visualization_CSD_filtered_space.png, id=136
, 462.528pt x 346.896pt>
File: Abbildungen/3D_Visualisationen/3D_visualization_CSD_filtered_space.png Gr
aphic file (type png)
<use Abbildungen/3D_Visualisationen/3D_visualization_CSD_filtered_space.png>
Package pdftex.def Info: Abbildungen/3D_Visualisationen/3D_visualization_CSD_fi
ltered_space.png  used on input line 1224.
(pdftex.def)             Requested size: 179.24963pt x 134.43668pt.
<Abbildungen/3D_Visualisationen/3D_visualization_CSD_unfiltered_space.png, id=1
37, 462.528pt x 346.896pt>
File: Abbildungen/3D_Visualisationen/3D_visualization_CSD_unfiltered_space.png 
Graphic file (type png)
<use Abbildungen/3D_Visualisationen/3D_visualization_CSD_unfiltered_space.png>
Package pdftex.def Info: Abbildungen/3D_Visualisationen/3D_visualization_CSD_un
filtered_space.png  used on input line 1226.
(pdftex.def)             Requested size: 179.24963pt x 134.43668pt.
[26]
<Abbildungen/3D_Visualisationen/3D_visualization_CSD_unfiltered_and_filtered_sp
ace.png, id=141, 462.528pt x 346.896pt>
File: Abbildungen/3D_Visualisationen/3D_visualization_CSD_unfiltered_and_filter
ed_space.png Graphic file (type png)
<use Abbildungen/3D_Visualisationen/3D_visualization_CSD_unfiltered_and_filtere
d_space.png>
Package pdftex.def Info: Abbildungen/3D_Visualisationen/3D_visualization_CSD_un
filtered_and_filtered_space.png  used on input line 1235.
(pdftex.def)             Requested size: 231.26343pt x 173.44757pt.
<TISD_Sheme.png, id=142, 816.04875pt x 465.74pt>
File: TISD_Sheme.png Graphic file (type png)
<use TISD_Sheme.png>
Package pdftex.def Info: TISD_Sheme.png  used on input line 1248.
(pdftex.def)             Requested size: 408.02338pt x 232.86943pt.
 [27 <./Abbildungen/3D_Visualisationen/3D_visualization_CSD_filtered_space.png>
 <./Abbildungen/3D_Visualisationen/3D_visualization_CSD_unfiltered_space.png> <
./Abbildungen/3D_Visualisationen/3D_visualization_CSD_unfiltered_and_filtered_s
pace.png>]

LaTeX Warning: Reference `ACO_R_very_simple_linear_distribution' on page 28 und
efined on input line 1261.


Underfull \hbox (badness 10000) in paragraph at lines 1261--1262

 []


Underfull \hbox (badness 10000) in paragraph at lines 1263--1264

 []


Underfull \hbox (badness 10000) in paragraph at lines 1265--1266

 []

[28 <./TISD_Sheme.png>]
<Abbildungen/ACO_R_simple_Ellipsoid_m_compare_n=10_g_q=0_95_xi=0_95_k=100_resta
rts=0_acc=1e-10.png, id=155, 462.528pt x 346.896pt>
File: Abbildungen/ACO_R_simple_Ellipsoid_m_compare_n=10_g_q=0_95_xi=0_95_k=100_
restarts=0_acc=1e-10.png Graphic file (type png)
<use Abbildungen/ACO_R_simple_Ellipsoid_m_compare_n=10_g_q=0_95_xi=0_95_k=100_r
estarts=0_acc=1e-10.png>
Package pdftex.def Info: Abbildungen/ACO_R_simple_Ellipsoid_m_compare_n=10_g_q=
0_95_xi=0_95_k=100_restarts=0_acc=1e-10.png  used on input line 1275.
(pdftex.def)             Requested size: 179.24963pt x 134.43668pt.
<Abbildungen/ACO_R_very_simple_Ellipsoid_m_compare_n=10_g_q=0_95_xi=0_95_k=100_
restarts=0_acc=1e-10.png, id=156, 462.528pt x 346.896pt>
File: Abbildungen/ACO_R_very_simple_Ellipsoid_m_compare_n=10_g_q=0_95_xi=0_95_k
=100_restarts=0_acc=1e-10.png Graphic file (type png)
<use Abbildungen/ACO_R_very_simple_Ellipsoid_m_compare_n=10_g_q=0_95_xi=0_95_k=
100_restarts=0_acc=1e-10.png>
Package pdftex.def Info: Abbildungen/ACO_R_very_simple_Ellipsoid_m_compare_n=10
_g_q=0_95_xi=0_95_k=100_restarts=0_acc=1e-10.png  used on input line 1277.
(pdftex.def)             Requested size: 179.24963pt x 134.43668pt.
<Abbildungen/ACO_R_simple_Ellipsoid_g_q_compare_m=1_xi=0_95_k=100_restarts=0_ac
c=1e-10.png, id=157, 462.528pt x 346.896pt>
File: Abbildungen/ACO_R_simple_Ellipsoid_g_q_compare_m=1_xi=0_95_k=100_restarts
=0_acc=1e-10.png Graphic file (type png)
<use Abbildungen/ACO_R_simple_Ellipsoid_g_q_compare_m=1_xi=0_95_k=100_restarts=
0_acc=1e-10.png>
Package pdftex.def Info: Abbildungen/ACO_R_simple_Ellipsoid_g_q_compare_m=1_xi=
0_95_k=100_restarts=0_acc=1e-10.png  used on input line 1290.
(pdftex.def)             Requested size: 370.02289pt x 277.51717pt.
 [29 <./Abbildungen/ACO_R_simple_Ellipsoid_m_compare_n=10_g_q=0_95_xi=0_95_k=10
0_restarts=0_acc=1e-10.png> <./Abbildungen/ACO_R_very_simple_Ellipsoid_m_compar
e_n=10_g_q=0_95_xi=0_95_k=100_restarts=0_acc=1e-10.png>]
Underfull \hbox (badness 10000) in paragraph at lines 1295--1296

 []


Underfull \hbox (badness 10000) in paragraph at lines 1297--1298

 []


Underfull \hbox (badness 10000) in paragraph at lines 1303--1304

 []


Underfull \hbox (badness 10000) in paragraph at lines 1309--1310

 []

[30 <./Abbildungen/ACO_R_simple_Ellipsoid_g_q_compare_m=1_xi=0_95_k=100_restart
s=0_acc=1e-10.png>]
Underfull \hbox (badness 10000) in paragraph at lines 1311--1312

 []

<Abbildungen/ACO_R_simple_Ellipsoid_xi_compare_m=1_n=10_g_q=0_95_k=100_restarts
=0_acc=1e-10.png, id=169, 462.528pt x 346.896pt>
File: Abbildungen/ACO_R_simple_Ellipsoid_xi_compare_m=1_n=10_g_q=0_95_k=100_res
tarts=0_acc=1e-10.png Graphic file (type png)
<use Abbildungen/ACO_R_simple_Ellipsoid_xi_compare_m=1_n=10_g_q=0_95_k=100_rest
arts=0_acc=1e-10.png>
Package pdftex.def Info: Abbildungen/ACO_R_simple_Ellipsoid_xi_compare_m=1_n=10
_g_q=0_95_k=100_restarts=0_acc=1e-10.png  used on input line 1317.
(pdftex.def)             Requested size: 179.24963pt x 134.43668pt.
<Abbildungen/ACO_R_very_simple_Ellipsoid_xi_compare_m=1_n=10_g_q=0_95_k=100_res
tarts=0_acc=1e-10.png, id=170, 462.528pt x 346.896pt>
File: Abbildungen/ACO_R_very_simple_Ellipsoid_xi_compare_m=1_n=10_g_q=0_95_k=10
0_restarts=0_acc=1e-10.png Graphic file (type png)
<use Abbildungen/ACO_R_very_simple_Ellipsoid_xi_compare_m=1_n=10_g_q=0_95_k=100
_restarts=0_acc=1e-10.png>
Package pdftex.def Info: Abbildungen/ACO_R_very_simple_Ellipsoid_xi_compare_m=1
_n=10_g_q=0_95_k=100_restarts=0_acc=1e-10.png  used on input line 1319.
(pdftex.def)             Requested size: 179.24963pt x 134.43668pt.

Underfull \hbox (badness 10000) in paragraph at lines 1328--1329

 []


Underfull \hbox (badness 10000) in paragraph at lines 1330--1331

 []

[31 <./Abbildungen/ACO_R_simple_Ellipsoid_xi_compare_m=1_n=10_g_q=0_95_k=100_re
starts=0_acc=1e-10.png> <./Abbildungen/ACO_R_very_simple_Ellipsoid_xi_compare_m
=1_n=10_g_q=0_95_k=100_restarts=0_acc=1e-10.png>]
Underfull \hbox (badness 10000) in paragraph at lines 1332--1333

 []

<Abbildungen/ACO_R_simple_Ellipsoid_m=1_n=10_g_q=0_95_xi=0_95_k=100_restarts=0_
acc=1e-10.png, id=176, 462.528pt x 346.896pt>
File: Abbildungen/ACO_R_simple_Ellipsoid_m=1_n=10_g_q=0_95_xi=0_95_k=100_restar
ts=0_acc=1e-10.png Graphic file (type png)
<use Abbildungen/ACO_R_simple_Ellipsoid_m=1_n=10_g_q=0_95_xi=0_95_k=100_restart
s=0_acc=1e-10.png>
Package pdftex.def Info: Abbildungen/ACO_R_simple_Ellipsoid_m=1_n=10_g_q=0_95_x
i=0_95_k=100_restarts=0_acc=1e-10.png  used on input line 1354.
(pdftex.def)             Requested size: 179.24963pt x 134.43668pt.
<Abbildungen/ACO_R_STD_simple_Ellipsoid_m=1_n=10_g_q=0_95_xi=0_95_k=100_restart
s=0_acc=1e-10.png, id=177, 462.528pt x 346.896pt>
File: Abbildungen/ACO_R_STD_simple_Ellipsoid_m=1_n=10_g_q=0_95_xi=0_95_k=100_re
starts=0_acc=1e-10.png Graphic file (type png)
<use Abbildungen/ACO_R_STD_simple_Ellipsoid_m=1_n=10_g_q=0_95_xi=0_95_k=100_res
tarts=0_acc=1e-10.png>
Package pdftex.def Info: Abbildungen/ACO_R_STD_simple_Ellipsoid_m=1_n=10_g_q=0_
95_xi=0_95_k=100_restarts=0_acc=1e-10.png  used on input line 1356.
(pdftex.def)             Requested size: 179.24963pt x 134.43668pt.
[32]
<Abbildungen/ACO_R_very_simple_Ellipsoid_m=1_n=10_g_q=0_95_xi=0_95_k=100_restar
ts=0_acc=1e-10.png, id=181, 462.528pt x 346.896pt>
File: Abbildungen/ACO_R_very_simple_Ellipsoid_m=1_n=10_g_q=0_95_xi=0_95_k=100_r
estarts=0_acc=1e-10.png Graphic file (type png)
<use Abbildungen/ACO_R_very_simple_Ellipsoid_m=1_n=10_g_q=0_95_xi=0_95_k=100_re
starts=0_acc=1e-10.png>
Package pdftex.def Info: Abbildungen/ACO_R_very_simple_Ellipsoid_m=1_n=10_g_q=0
_95_xi=0_95_k=100_restarts=0_acc=1e-10.png  used on input line 1363.
(pdftex.def)             Requested size: 179.24963pt x 134.43668pt.
<Abbildungen/ACO_R_STD_very_simple_Ellipsoid_m=1_n=10_g_q=0_95_xi=0_95_k=100_re
starts=0_acc=1e-10.png, id=182, 462.528pt x 346.896pt>
File: Abbildungen/ACO_R_STD_very_simple_Ellipsoid_m=1_n=10_g_q=0_95_xi=0_95_k=1
00_restarts=0_acc=1e-10.png Graphic file (type png)
<use Abbildungen/ACO_R_STD_very_simple_Ellipsoid_m=1_n=10_g_q=0_95_xi=0_95_k=10
0_restarts=0_acc=1e-10.png>
Package pdftex.def Info: Abbildungen/ACO_R_STD_very_simple_Ellipsoid_m=1_n=10_g
_q=0_95_xi=0_95_k=100_restarts=0_acc=1e-10.png  used on input line 1365.
(pdftex.def)             Requested size: 179.24963pt x 134.43668pt.

Underfull \hbox (badness 10000) in paragraph at lines 1370--1371

 []


Underfull \hbox (badness 10000) in paragraph at lines 1372--1373

 []


Underfull \hbox (badness 10000) in paragraph at lines 1374--1375

 []


Underfull \hbox (badness 10000) in paragraph at lines 1380--1381

 []

[33 <./Abbildungen/ACO_R_simple_Ellipsoid_m=1_n=10_g_q=0_95_xi=0_95_k=100_resta
rts=0_acc=1e-10.png> <./Abbildungen/ACO_R_STD_simple_Ellipsoid_m=1_n=10_g_q=0_9
5_xi=0_95_k=100_restarts=0_acc=1e-10.png> <./Abbildungen/ACO_R_very_simple_Elli
psoid_m=1_n=10_g_q=0_95_xi=0_95_k=100_restarts=0_acc=1e-10.png> <./Abbildungen/
ACO_R_STD_very_simple_Ellipsoid_m=1_n=10_g_q=0_95_xi=0_95_k=100_restarts=0_acc=
1e-10.png>]
Underfull \hbox (badness 10000) in alignment at lines 1414--1414
[][][][] 
 []


Underfull \hbox (badness 10000) in paragraph at lines 1418--1419

 []


Underfull \hbox (badness 10000) in alignment at lines 1454--1454
[][][][] 
 []


Underfull \hbox (badness 10000) in paragraph at lines 1458--1459

 []

[34]
Underfull \hbox (badness 10000) in paragraph at lines 1462--1463

 []


Underfull \hbox (badness 10000) in alignment at lines 1496--1496
[][][] 
 []


Underfull \hbox (badness 10000) in paragraph at lines 1500--1501

 []

[35]
Underfull \hbox (badness 10000) in alignment at lines 1556--1556
[][][][] 
 []


Underfull \hbox (badness 10000) in paragraph at lines 1560--1562

 []

[36]
Underfull \hbox (badness 10000) in paragraph at lines 1565--1566

 []


Underfull \hbox (badness 10000) in paragraph at lines 1567--1568

 []


Underfull \hbox (badness 10000) in paragraph at lines 1569--1570

 []

[37]
Underfull \hbox (badness 10000) in paragraph at lines 1571--1572

 []


Underfull \hbox (badness 10000) in paragraph at lines 1573--1574

 []


Underfull \hbox (badness 10000) in alignment at lines 1627--1627
[][][][] 
 []


Underfull \hbox (badness 10000) in paragraph at lines 1631--1633

 []

[38]
Underfull \hbox (badness 10000) in paragraph at lines 1636--1637

 []


Underfull \hbox (badness 10000) in paragraph at lines 1638--1639

 []


Underfull \hbox (badness 10000) in paragraph at lines 1640--1641

 []

[39]
Underfull \hbox (badness 10000) in paragraph at lines 1642--1643

 []


Underfull \hbox (badness 10000) in paragraph at lines 1644--1645

 []


Underfull \hbox (badness 10000) in paragraph at lines 1646--1647

 []


Underfull \hbox (badness 10000) in paragraph at lines 1648--1649

 []


Underfull \hbox (badness 10000) in paragraph at lines 1650--1651

 []


Underfull \hbox (badness 10000) in alignment at lines 1704--1704
[][][] 
 []


Underfull \hbox (badness 10000) in paragraph at lines 1708--1709

 []

[40]
Underfull \hbox (badness 10000) in paragraph at lines 1712--1713

 []


Underfull \hbox (badness 10000) in paragraph at lines 1716--1717

 []


Underfull \hbox (badness 10000) in paragraph at lines 1718--1719

 []

[41]
Underfull \hbox (badness 10000) in paragraph at lines 1720--1721

 []


Underfull \hbox (badness 10000) in paragraph at lines 1722--1723

 []


Underfull \hbox (badness 10000) in paragraph at lines 1724--1725

 []


Overfull \hbox (9.5597pt too wide) in paragraph at lines 1730--1731
\T1/cmr/m/n/12 Die Ro-sen-brock-funk-ti-on nimmt ih-ren Op-ti-mal-wert y=0 an b
ei $[] \OT1/cmr/m/n/12 = [1\OML/cmm/m/it/12 ; \OT1/cmr/m/n/12 1\OML/cmm/m/it/12
 ; \OT1/cmr/m/n/12 1\OML/cmm/m/it/12 ; \OT1/cmr/m/n/12 1\OML/cmm/m/it/12 ; \OT1
/cmr/m/n/12 1\OML/cmm/m/it/12 ; \OT1/cmr/m/n/12 1\OML/cmm/m/it/12 ; \OT1/cmr/m/
n/12 1\OML/cmm/m/it/12 ; \OT1/cmr/m/n/12 1\OML/cmm/m/it/12 ; \OT1/cmr/m/n/12 1\
OML/cmm/m/it/12 ; \OT1/cmr/m/n/12 1]$\T1/cmr/m/n/12 . 
 []


Underfull \hbox (badness 10000) in paragraph at lines 1730--1731

 []


Underfull \hbox (badness 10000) in paragraph at lines 1732--1733

 []


Underfull \hbox (badness 10000) in paragraph at lines 1734--1735

 []


Underfull \hbox (badness 10000) in paragraph at lines 1741--1742

 []

[42]
Underfull \hbox (badness 10000) in paragraph at lines 1743--1744

 []


Underfull \hbox (badness 10000) in paragraph at lines 1745--1746

 []


Underfull \hbox (badness 10000) in paragraph at lines 1750--1751

 []


Underfull \hbox (badness 10000) in paragraph at lines 1752--1753

 []


Underfull \hbox (badness 10000) in paragraph at lines 1754--1755

 []

[43] (./Masterarbeit.bbl [44]) [45] (./Masterarbeit.lot)
\tf@lot=\write4
\openout4 = `Masterarbeit.lot'.

 (./Masterarbeit.lof
[46])
\tf@lof=\write5
\openout5 = `Masterarbeit.lof'.

 [47]
part without number
<Abbildungen/ACO_R_simple_Cigar_m_compare_n=10_g_q=0_95_xi=0_95_k=100_restarts=
0_acc=1e-10.png, id=238, 462.528pt x 346.896pt>
File: Abbildungen/ACO_R_simple_Cigar_m_compare_n=10_g_q=0_95_xi=0_95_k=100_rest
arts=0_acc=1e-10.png Graphic file (type png)
<use Abbildungen/ACO_R_simple_Cigar_m_compare_n=10_g_q=0_95_xi=0_95_k=100_resta
rts=0_acc=1e-10.png>
Package pdftex.def Info: Abbildungen/ACO_R_simple_Cigar_m_compare_n=10_g_q=0_95
_xi=0_95_k=100_restarts=0_acc=1e-10.png  used on input line 1782.
(pdftex.def)             Requested size: 179.24963pt x 134.43668pt.
<Abbildungen/ACO_R_very_simple_Cigar_m_compare_n=10_g_q=0_95_xi=0_95_k=100_rest
arts=0_acc=1e-10.png, id=239, 462.528pt x 346.896pt>
File: Abbildungen/ACO_R_very_simple_Cigar_m_compare_n=10_g_q=0_95_xi=0_95_k=100
_restarts=0_acc=1e-10.png Graphic file (type png)
<use Abbildungen/ACO_R_very_simple_Cigar_m_compare_n=10_g_q=0_95_xi=0_95_k=100_
restarts=0_acc=1e-10.png>
Package pdftex.def Info: Abbildungen/ACO_R_very_simple_Cigar_m_compare_n=10_g_q
=0_95_xi=0_95_k=100_restarts=0_acc=1e-10.png  used on input line 1784.
(pdftex.def)             Requested size: 179.24963pt x 134.43668pt.
<Abbildungen/ACO_R_simple_Paraboloid_m_compare_n=10_g_q=0_95_xi=0_95_k=100_rest
arts=0_acc=1e-10.png, id=240, 462.528pt x 346.896pt>
File: Abbildungen/ACO_R_simple_Paraboloid_m_compare_n=10_g_q=0_95_xi=0_95_k=100
_restarts=0_acc=1e-10.png Graphic file (type png)
<use Abbildungen/ACO_R_simple_Paraboloid_m_compare_n=10_g_q=0_95_xi=0_95_k=100_
restarts=0_acc=1e-10.png>
Package pdftex.def Info: Abbildungen/ACO_R_simple_Paraboloid_m_compare_n=10_g_q
=0_95_xi=0_95_k=100_restarts=0_acc=1e-10.png  used on input line 1791.
(pdftex.def)             Requested size: 179.24963pt x 134.43668pt.
<Abbildungen/ACO_R_very_simple_Paraboloid_m_compare_n=10_g_q=0_95_xi=0_95_k=100
_restarts=0_acc=1e-10.png, id=241, 462.528pt x 346.896pt>
File: Abbildungen/ACO_R_very_simple_Paraboloid_m_compare_n=10_g_q=0_95_xi=0_95_
k=100_restarts=0_acc=1e-10.png Graphic file (type png)
<use Abbildungen/ACO_R_very_simple_Paraboloid_m_compare_n=10_g_q=0_95_xi=0_95_k
=100_restarts=0_acc=1e-10.png>
Package pdftex.def Info: Abbildungen/ACO_R_very_simple_Paraboloid_m_compare_n=1
0_g_q=0_95_xi=0_95_k=100_restarts=0_acc=1e-10.png  used on input line 1793.
(pdftex.def)             Requested size: 179.24963pt x 134.43668pt.
<Abbildungen/ACO_R_simple_Tablet_m_compare_n=10_g_q=0_95_xi=0_95_k=100_restarts
=0_acc=1e-10.png, id=242, 462.528pt x 346.896pt>
File: Abbildungen/ACO_R_simple_Tablet_m_compare_n=10_g_q=0_95_xi=0_95_k=100_res
tarts=0_acc=1e-10.png Graphic file (type png)
<use Abbildungen/ACO_R_simple_Tablet_m_compare_n=10_g_q=0_95_xi=0_95_k=100_rest
arts=0_acc=1e-10.png>
Package pdftex.def Info: Abbildungen/ACO_R_simple_Tablet_m_compare_n=10_g_q=0_9
5_xi=0_95_k=100_restarts=0_acc=1e-10.png  used on input line 1800.
(pdftex.def)             Requested size: 179.24963pt x 134.43668pt.
<Abbildungen/ACO_R_very_simple_Tablet_m_compare_n=10_g_q=0_95_xi=0_95_k=100_res
tarts=0_acc=1e-10.png, id=243, 462.528pt x 346.896pt>
File: Abbildungen/ACO_R_very_simple_Tablet_m_compare_n=10_g_q=0_95_xi=0_95_k=10
0_restarts=0_acc=1e-10.png Graphic file (type png)
<use Abbildungen/ACO_R_very_simple_Tablet_m_compare_n=10_g_q=0_95_xi=0_95_k=100
_restarts=0_acc=1e-10.png>
Package pdftex.def Info: Abbildungen/ACO_R_very_simple_Tablet_m_compare_n=10_g_
q=0_95_xi=0_95_k=100_restarts=0_acc=1e-10.png  used on input line 1802.
(pdftex.def)             Requested size: 179.24963pt x 134.43668pt.
[1 <./Abbildungen/ACO_R_simple_Cigar_m_compare_n=10_g_q=0_95_xi=0_95_k=100_rest
arts=0_acc=1e-10.png> <./Abbildungen/ACO_R_very_simple_Cigar_m_compare_n=10_g_q
=0_95_xi=0_95_k=100_restarts=0_acc=1e-10.png> <./Abbildungen/ACO_R_simple_Parab
oloid_m_compare_n=10_g_q=0_95_xi=0_95_k=100_restarts=0_acc=1e-10.png> <./Abbild
ungen/ACO_R_very_simple_Paraboloid_m_compare_n=10_g_q=0_95_xi=0_95_k=100_restar
ts=0_acc=1e-10.png>]
<Abbildungen/ACO_R_simple_Cigar_g_q_compare_m=1_xi=0_95_k=100_restarts=0_acc=1e
-10.png, id=252, 462.528pt x 346.896pt>
File: Abbildungen/ACO_R_simple_Cigar_g_q_compare_m=1_xi=0_95_k=100_restarts=0_a
cc=1e-10.png Graphic file (type png)
<use Abbildungen/ACO_R_simple_Cigar_g_q_compare_m=1_xi=0_95_k=100_restarts=0_ac
c=1e-10.png>
Package pdftex.def Info: Abbildungen/ACO_R_simple_Cigar_g_q_compare_m=1_xi=0_95
_k=100_restarts=0_acc=1e-10.png  used on input line 1813.
(pdftex.def)             Requested size: 277.51894pt x 208.13919pt.
<Abbildungen/ACO_R_simple_Paraboloid_g_q_compare_m=1_xi=0_95_k=100_restarts=0_a
cc=1e-10.png, id=253, 462.528pt x 346.896pt>
File: Abbildungen/ACO_R_simple_Paraboloid_g_q_compare_m=1_xi=0_95_k=100_restart
s=0_acc=1e-10.png Graphic file (type png)
<use Abbildungen/ACO_R_simple_Paraboloid_g_q_compare_m=1_xi=0_95_k=100_restarts
=0_acc=1e-10.png>
Package pdftex.def Info: Abbildungen/ACO_R_simple_Paraboloid_g_q_compare_m=1_xi
=0_95_k=100_restarts=0_acc=1e-10.png  used on input line 1820.
(pdftex.def)             Requested size: 277.51894pt x 208.13919pt.
 [2 <./Abbildungen/ACO_R_simple_Tablet_m_compare_n=10_g_q=0_95_xi=0_95_k=100_re
starts=0_acc=1e-10.png> <./Abbildungen/ACO_R_very_simple_Tablet_m_compare_n=10_
g_q=0_95_xi=0_95_k=100_restarts=0_acc=1e-10.png> <./Abbildungen/ACO_R_simple_Ci
gar_g_q_compare_m=1_xi=0_95_k=100_restarts=0_acc=1e-10.png>]
<Abbildungen/ACO_R_simple_Tablet_g_q_compare_m=1_xi=0_95_k=100_restarts=0_acc=1
e-10.png, id=261, 462.528pt x 346.896pt>
File: Abbildungen/ACO_R_simple_Tablet_g_q_compare_m=1_xi=0_95_k=100_restarts=0_
acc=1e-10.png Graphic file (type png)
<use Abbildungen/ACO_R_simple_Tablet_g_q_compare_m=1_xi=0_95_k=100_restarts=0_a
cc=1e-10.png>
Package pdftex.def Info: Abbildungen/ACO_R_simple_Tablet_g_q_compare_m=1_xi=0_9
5_k=100_restarts=0_acc=1e-10.png  used on input line 1827.
(pdftex.def)             Requested size: 277.51894pt x 208.13919pt.
<Abbildungen/ACO_R_simple_Cigar_xi_compare_m=1_n=10_g_q=0_95_k=100_restarts=0_a
cc=1e-10.png, id=262, 462.528pt x 346.896pt>
File: Abbildungen/ACO_R_simple_Cigar_xi_compare_m=1_n=10_g_q=0_95_k=100_restart
s=0_acc=1e-10.png Graphic file (type png)
<use Abbildungen/ACO_R_simple_Cigar_xi_compare_m=1_n=10_g_q=0_95_k=100_restarts
=0_acc=1e-10.png>
Package pdftex.def Info: Abbildungen/ACO_R_simple_Cigar_xi_compare_m=1_n=10_g_q
=0_95_k=100_restarts=0_acc=1e-10.png  used on input line 1838.
(pdftex.def)             Requested size: 179.24963pt x 134.43668pt.
<Abbildungen/ACO_R_very_simple_Cigar_xi_compare_m=1_n=10_g_q=0_95_k=100_restart
s=0_acc=1e-10.png, id=263, 462.528pt x 346.896pt>
File: Abbildungen/ACO_R_very_simple_Cigar_xi_compare_m=1_n=10_g_q=0_95_k=100_re
starts=0_acc=1e-10.png Graphic file (type png)
<use Abbildungen/ACO_R_very_simple_Cigar_xi_compare_m=1_n=10_g_q=0_95_k=100_res
tarts=0_acc=1e-10.png>
Package pdftex.def Info: Abbildungen/ACO_R_very_simple_Cigar_xi_compare_m=1_n=1
0_g_q=0_95_k=100_restarts=0_acc=1e-10.png  used on input line 1840.
(pdftex.def)             Requested size: 179.24963pt x 134.43668pt.
 [3 <./Abbildungen/ACO_R_simple_Paraboloid_g_q_compare_m=1_xi=0_95_k=100_restar
ts=0_acc=1e-10.png> <./Abbildungen/ACO_R_simple_Tablet_g_q_compare_m=1_xi=0_95_
k=100_restarts=0_acc=1e-10.png>]
<Abbildungen/ACO_R_simple_Paraboloid_xi_compare_m=1_n=10_g_q=0_95_k=100_restart
s=0_acc=1e-10.png, id=269, 462.528pt x 346.896pt>
File: Abbildungen/ACO_R_simple_Paraboloid_xi_compare_m=1_n=10_g_q=0_95_k=100_re
starts=0_acc=1e-10.png Graphic file (type png)
<use Abbildungen/ACO_R_simple_Paraboloid_xi_compare_m=1_n=10_g_q=0_95_k=100_res
tarts=0_acc=1e-10.png>
Package pdftex.def Info: Abbildungen/ACO_R_simple_Paraboloid_xi_compare_m=1_n=1
0_g_q=0_95_k=100_restarts=0_acc=1e-10.png  used on input line 1847.
(pdftex.def)             Requested size: 179.24963pt x 134.43668pt.
<Abbildungen/ACO_R_very_simple_Paraboloid_xi_compare_m=1_n=10_g_q=0_95_k=100_re
starts=0_acc=1e-10.png, id=270, 462.528pt x 346.896pt>
File: Abbildungen/ACO_R_very_simple_Paraboloid_xi_compare_m=1_n=10_g_q=0_95_k=1
00_restarts=0_acc=1e-10.png Graphic file (type png)
<use Abbildungen/ACO_R_very_simple_Paraboloid_xi_compare_m=1_n=10_g_q=0_95_k=10
0_restarts=0_acc=1e-10.png>
Package pdftex.def Info: Abbildungen/ACO_R_very_simple_Paraboloid_xi_compare_m=
1_n=10_g_q=0_95_k=100_restarts=0_acc=1e-10.png  used on input line 1849.
(pdftex.def)             Requested size: 179.24963pt x 134.43668pt.
<Abbildungen/ACO_R_simple_Tablet_xi_compare_m=1_n=10_g_q=0_95_k=100_restarts=0_
acc=1e-10.png, id=271, 462.528pt x 346.896pt>
File: Abbildungen/ACO_R_simple_Tablet_xi_compare_m=1_n=10_g_q=0_95_k=100_restar
ts=0_acc=1e-10.png Graphic file (type png)
<use Abbildungen/ACO_R_simple_Tablet_xi_compare_m=1_n=10_g_q=0_95_k=100_restart
s=0_acc=1e-10.png>
Package pdftex.def Info: Abbildungen/ACO_R_simple_Tablet_xi_compare_m=1_n=10_g_
q=0_95_k=100_restarts=0_acc=1e-10.png  used on input line 1856.
(pdftex.def)             Requested size: 179.24963pt x 134.43668pt.
<Abbildungen/ACO_R_very_simple_Tablet_xi_compare_m=1_n=10_g_q=0_95_k=100_restar
ts=0_acc=1e-10.png, id=272, 462.528pt x 346.896pt>
File: Abbildungen/ACO_R_very_simple_Tablet_xi_compare_m=1_n=10_g_q=0_95_k=100_r
estarts=0_acc=1e-10.png Graphic file (type png)
<use Abbildungen/ACO_R_very_simple_Tablet_xi_compare_m=1_n=10_g_q=0_95_k=100_re
starts=0_acc=1e-10.png>
Package pdftex.def Info: Abbildungen/ACO_R_very_simple_Tablet_xi_compare_m=1_n=
10_g_q=0_95_k=100_restarts=0_acc=1e-10.png  used on input line 1858.
(pdftex.def)             Requested size: 179.24963pt x 134.43668pt.
 [4 <./Abbildungen/ACO_R_simple_Cigar_xi_compare_m=1_n=10_g_q=0_95_k=100_restar
ts=0_acc=1e-10.png> <./Abbildungen/ACO_R_very_simple_Cigar_xi_compare_m=1_n=10_
g_q=0_95_k=100_restarts=0_acc=1e-10.png> <./Abbildungen/ACO_R_simple_Paraboloid
_xi_compare_m=1_n=10_g_q=0_95_k=100_restarts=0_acc=1e-10.png> <./Abbildungen/AC
O_R_very_simple_Paraboloid_xi_compare_m=1_n=10_g_q=0_95_k=100_restarts=0_acc=1e
-10.png> <./Abbildungen/ACO_R_simple_Tablet_xi_compare_m=1_n=10_g_q=0_95_k=100_
restarts=0_acc=1e-10.png> <./Abbildungen/ACO_R_very_simple_Tablet_xi_compare_m=
1_n=10_g_q=0_95_k=100_restarts=0_acc=1e-10.png>]
Overfull \hbox (12.59427pt too wide) in paragraph at lines 1887--1888
 $[]$  $[]$  $[]$
 []


Underfull \hbox (badness 10000) in paragraph at lines 1887--1888

 []

[5] (./Masterarbeit.aux)
 ***********
LaTeX2e <2023-11-01> patch level 1
L3 programming layer <2024-01-22>
 ***********


LaTeX Font Warning: Size substitutions with differences
(Font)              up to 0.72pt have occurred.


LaTeX Warning: There were undefined references.

 ) 
Here is how much of TeX's memory you used:
 12327 strings out of 474222
 252971 string characters out of 5748732
 1962975 words of memory out of 5000000
 34366 multiletter control sequences out of 15000+600000
 583109 words of font info for 95 fonts, out of 8000000 for 9000
 1141 hyphenation exceptions out of 8191
 108i,22n,107p,10934b,451s stack positions out of 10000i,1000n,20000p,200000b,200000s
</usr/share/texlive/texmf-dist/fonts/type1/public/amsfonts/cm/cmex10.pfb></us
r/share/texlive/texmf-dist/fonts/type1/public/amsfonts/cmextra/cmex7.pfb></usr/
share/texlive/texmf-dist/fonts/type1/public/amsfonts/cm/cmmi10.pfb></usr/share/
texlive/texmf-dist/fonts/type1/public/amsfonts/cm/cmmi12.pfb></usr/share/texliv
e/texmf-dist/fonts/type1/public/amsfonts/cm/cmmi5.pfb></usr/share/texlive/texmf
-dist/fonts/type1/public/amsfonts/cm/cmmi6.pfb></usr/share/texlive/texmf-dist/f
onts/type1/public/amsfonts/cm/cmmi7.pfb></usr/share/texlive/texmf-dist/fonts/ty
pe1/public/amsfonts/cm/cmmi8.pfb></usr/share/texlive/texmf-dist/fonts/type1/pub
lic/amsfonts/cm/cmr10.pfb></usr/share/texlive/texmf-dist/fonts/type1/public/ams
fonts/cm/cmr12.pfb></usr/share/texlive/texmf-dist/fonts/type1/public/amsfonts/c
m/cmr5.pfb></usr/share/texlive/texmf-dist/fonts/type1/public/amsfonts/cm/cmr6.p
fb></usr/share/texlive/texmf-dist/fonts/type1/public/amsfonts/cm/cmr7.pfb></usr
/share/texlive/texmf-dist/fonts/type1/public/amsfonts/cm/cmr8.pfb></usr/share/t
exlive/texmf-dist/fonts/type1/public/amsfonts/cm/cmsy10.pfb></usr/share/texlive
/texmf-dist/fonts/type1/public/amsfonts/cm/cmsy5.pfb></usr/share/texlive/texmf-
dist/fonts/type1/public/amsfonts/cm/cmsy6.pfb></usr/share/texlive/texmf-dist/fo
nts/type1/public/amsfonts/cm/cmsy7.pfb></usr/share/texlive/texmf-dist/fonts/typ
e1/public/amsfonts/cm/cmsy8.pfb></usr/share/texlive/texmf-dist/fonts/type1/publ
ic/amsfonts/symbols/msbm10.pfb></usr/share/texlive/texmf-dist/fonts/type1/publi
c/amsfonts/symbols/msbm7.pfb></usr/share/texmf/fonts/type1/public/cm-super/sfbx
1000.pfb></usr/share/texmf/fonts/type1/public/cm-super/sfbx1200.pfb></usr/share
/texmf/fonts/type1/public/cm-super/sfbx1440.pfb></usr/share/texmf/fonts/type1/p
ublic/cm-super/sfbx1728.pfb></usr/share/texmf/fonts/type1/public/cm-super/sfcc1
200.pfb></usr/share/texmf/fonts/type1/public/cm-super/sfrm0800.pfb></usr/share/
texmf/fonts/type1/public/cm-super/sfrm1000.pfb></usr/share/texmf/fonts/type1/pu
blic/cm-super/sfrm1200.pfb></usr/share/texmf/fonts/type1/public/cm-super/sfso12
00.pfb></usr/share/texmf/fonts/type1/public/cm-super/sfso1440.pfb></usr/share/t
exmf/fonts/type1/public/cm-super/sfso1728.pfb></usr/share/texmf/fonts/type1/pub
lic/cm-super/sfsx1200.pfb></usr/share/texmf/fonts/type1/public/cm-super/sfsx144
0.pfb></usr/share/texmf/fonts/type1/public/cm-super/sfsx1728.pfb></usr/share/te
xmf/fonts/type1/public/cm-super/sfsx2488.pfb></usr/share/texmf/fonts/type1/publ
ic/cm-super/sfti1000.pfb></usr/share/texmf/fonts/type1/public/cm-super/sfti1200
.pfb>
Output written on Masterarbeit.pdf (56 pages, 1404687 bytes).
PDF statistics:
 445 PDF objects out of 1000 (max. 8388607)
 242 compressed objects within 3 object streams
 0 named destinations out of 1000 (max. 500000)
 166 words of extra memory for PDF output out of 10000 (max. 10000000)

