This is pdfTeX, Version 3.141592653-2.6-1.40.22 (TeX Live 2022/dev/Debian) (preloaded format=pdflatex 2024.6.12)  28 SEP 2024 21:50
entering extended mode
 restricted \write18 enabled.
 %&-line parsing enabled.
**pre-documentclass.tex
(./pre-documentclass.tex
LaTeX2e <2021-11-15> patch level 1
L3 programming layer <2022-01-21>
(/usr/share/texlive/texmf-dist/tex/latex/kvoptions/kvoptions-patch.sty

Package kvoptions-patch Warning: kvoptions-patch is not compatible with 
(kvoptions-patch)                LaTeX 2021-11-15
(kvoptions-patch)                Loading is aborted on input line 49.

)
! Undefined control sequence.
l.7 \ifenglisch
               
The control sequence at the end of the top line
of your error message was never \def'ed. If you have
misspelled it (e.g., `\hobx'), type `I' and the correct
spelling (e.g., `I\hbox'). Otherwise just continue,
and I'll forget about whatever was undefined.

! Extra \else.
l.9 \else
         
I'm ignoring this; it doesn't match any \if.

! Extra \fi.
l.17 \fi
        
I'm ignoring this; it doesn't match any \if.


! LaTeX Error: File `nag.sty' not found.

Type X to quit or <RETURN> to proceed,
or enter new name. (Default extension: sty)

Enter file name: 
! Emergency stop.
<read *> 
         
l.22 ^^M
        
*** (cannot \read from terminal in nonstop modes)

 
Here is how much of TeX's memory you used:
 48 strings out of 480194
 1415 string characters out of 5893742
 284236 words of memory out of 5000000
 18102 multiletter control sequences out of 15000+600000
 469259 words of font info for 28 fonts, out of 8000000 for 9000
 14 hyphenation exceptions out of 8191
 25i,0n,34p,133b,17s stack positions out of 5000i,500n,10000p,200000b,80000s
!  ==> Fatal error occurred, no output PDF file produced!
